################################################################################
#                                                                              #
#      IAR Universal Linker V5.2.1.11                                          #
#                                                                              #
#           Link time     =  17/Aug/2011  12:15:52                             #
#           Target CPU    =  MSP430                                            #
#           List file     =  "D:\Projects\cronosTI\v2\Sports Watch\868MHz - Li #
#                            mited IAR Kickstart (Europe)\List\ez430_chronos_8 #
#                            68MHz.map"                                        #
#           Output file 1 =  "D:\Projects\cronosTI\v2\Sports Watch\868MHz - Li #
#                            mited IAR Kickstart (Europe)\Exe\ez430_chronos_86 #
#                            8MHz.d43"                                         #
#                            Format: debug                                     #
#                            UBROF version 10.0.6                              #
#                            Using library modules for C-SPY (-rt)             #
#           Command line  =  --ks_version                                      #
#                            "D:\Projects\cronosTI\v2\Sports Watch\868MHz - Li #
#                            mited IAR Kickstart (Europe)\Obj\acceleration.r43 #
#                            "                                                 #
#                            "D:\Projects\cronosTI\v2\Sports Watch\868MHz - Li #
#                            mited IAR Kickstart (Europe)\Obj\alarm.r43"       #
#                            "D:\Projects\cronosTI\v2\Sports Watch\868MHz - Li #
#                            mited IAR Kickstart (Europe)\Obj\altitude.r43"    #
#                            "D:\Projects\cronosTI\v2\Sports Watch\868MHz - Li #
#                            mited IAR Kickstart (Europe)\Obj\battery.r43"     #
#                            "D:\Projects\cronosTI\v2\Sports Watch\868MHz - Li #
#                            mited IAR Kickstart (Europe)\Obj\bluerobin.r43"   #
#                            "D:\Projects\cronosTI\v2\Sports Watch\868MHz - Li #
#                            mited IAR Kickstart (Europe)\Obj\clock.r43"       #
#                            "D:\Projects\cronosTI\v2\Sports Watch\868MHz - Li #
#                            mited IAR Kickstart (Europe)\Obj\date.r43"        #
#                            "D:\Projects\cronosTI\v2\Sports Watch\868MHz - Li #
#                            mited IAR Kickstart (Europe)\Obj\main.r43"        #
#                            "D:\Projects\cronosTI\v2\Sports Watch\868MHz - Li #
#                            mited IAR Kickstart (Europe)\Obj\menu.r43"        #
#                            "D:\Projects\cronosTI\v2\Sports Watch\868MHz - Li #
#                            mited IAR Kickstart (Europe)\Obj\ports.r43"       #
#                            "D:\Projects\cronosTI\v2\Sports Watch\868MHz - Li #
#                            mited IAR Kickstart (Europe)\Obj\rfbsl.r43"       #
#                            "D:\Projects\cronosTI\v2\Sports Watch\868MHz - Li #
#                            mited IAR Kickstart (Europe)\Obj\rfsimpliciti.r43 #
#                            "                                                 #
#                            "D:\Projects\cronosTI\v2\Sports Watch\868MHz - Li #
#                            mited IAR Kickstart (Europe)\Obj\stopwatch.r43"   #
#                            "D:\Projects\cronosTI\v2\Sports Watch\868MHz - Li #
#                            mited IAR Kickstart (Europe)\Obj\temperature.r43" #
#                            "D:\Projects\cronosTI\v2\Sports Watch\868MHz - Li #
#                            mited IAR Kickstart (Europe)\Obj\test.r43"        #
#                            "D:\Projects\cronosTI\v2\Sports Watch\868MHz - Li #
#                            mited IAR Kickstart (Europe)\Obj\timer.r43"       #
#                            "D:\Projects\cronosTI\v2\Sports Watch\868MHz - Li #
#                            mited IAR Kickstart (Europe)\Obj\user.r43"        #
#                            "D:\Projects\cronosTI\v2\Sports Watch\bluerobin\B #
#                            lueRobin_RX_868MHz.r43"                           #
#                            "D:\Projects\cronosTI\v2\Sports Watch\driver\ez43 #
#                            0_chronos_drivers.r43"                            #
#                            "D:\Projects\cronosTI\v2\Sports Watch\simpliciti\ #
#                            CC430_End_Device_868MHz.r43"                      #
#                            -o                                                #
#                            "D:\Projects\cronosTI\v2\Sports Watch\868MHz - Li #
#                            mited IAR Kickstart (Europe)\Exe\ez430_chronos_86 #
#                            8MHz.d43"                                         #
#                            -l                                                #
#                            "D:\Projects\cronosTI\v2\Sports Watch\868MHz - Li #
#                            mited IAR Kickstart (Europe)\List\ez430_chronos_8 #
#                            68MHz.map"                                        #
#                            -xms                                              #
#                            "-IC:\Program Files\IAR Systems\Embedded Workbenc #
#                            h 6.0 Kickstart\430\LIB\"                         #
#                            -f                                                #
#                            "C:\Program Files\IAR Systems\Embedded Workbench  #
#                            6.0 Kickstart\430\CONFIG\lnkCC430F6137.xcl"       #
#                            (-cmsp430 -D?CPU30_OFFSET=2 -QCODE_I=CODE_ID      #
#                            -Z(DATA)DATA16_I,DATA16_Z,DATA16_N,DATA16_HEAP+_D #
#                            ATA16_HEAP_SIZE=1C00-2BFD                         #
#                            -Z(DATA)CODE_I -Z(DATA)CSTACK+_STACK_SIZE#        #
#                            -Z(CONST)INFO=1800-19FF                           #
#                            -Z(CONST)INFOA=1980-19FF                          #
#                            -Z(CONST)INFOB=1900-197F                          #
#                            -Z(CONST)INFOC=1880-18FF                          #
#                            -Z(CONST)INFOD=1800-187F                          #
#                            -Z(CONST)DATA16_C,DATA16_ID,DIFUNCT,CHECKSUM=8000 #
#                            -FF7F                                             #
#                            -Z(CODE)CSTART,ISR_CODE,CODE_ID=8000-FF7F         #
#                            -P(CODE)CODE=8000-FF7F -Z(CODE)INTVEC=FF80-FFFF   #
#                            -Z(CODE)RESET=FFFE-FFFF) -f                       #
#                            "C:\Program Files\IAR Systems\Embedded Workbench  #
#                            6.0 Kickstart\430\config\multiplier32_loc2.xcl"   #
#                            (-e?Mul8HwLoc2=?Mul8 -e?Mul16HwLoc2=?Mul16        #
#                            -e?Mul16to32uHwLoc2=?Mul16to32u                   #
#                            -e?Mul16to32sHwLoc2=?Mul16to32s                   #
#                            -e?Mul32Hw32Loc2=?Mul32                           #
#                            -e?Mul64Hw32Loc2=_Mul64i                          #
#                            -e?Mul32u32uto64iHw32Loc2=_Mul32u32uto64i         #
#                            -e?Mul32fHwLoc2=_Mul32f                           #
#                            -e_Mul64fHwPtrLoc2=_Mul64fPtr) -D_STACK_SIZE=50   #
#                            -rt                                               #
#                            "C:\Program Files\IAR Systems\Embedded Workbench  #
#                            6.0 Kickstart\430\LIB\DLIB\dl430xsfn.r43"         #
#                            -e_PrintfLarge=_Printf -e_ScanfLarge=_Scanf       #
#                            -D_DATA16_HEAP_SIZE=50 -s __program_start         #
#                            -D_DATA20_HEAP_SIZE=50                            #
#                                                                              #
#                           Copyright (C) 1987-2011 IAR Systems AB.            #
################################################################################





                ****************************************
                *                                      *
                *           CROSS REFERENCE            *
                *                                      *
                ****************************************

       Program entry at :           8670  Relocatable, from module : ?cstart




                ****************************************
                *                                      *
                *            RUNTIME MODEL             *
                *                                      *
                ****************************************

  __Heap_Handler             = Basic
  __SystemLibrary            = DLib
  __core                     = 430X
  __data_model               = small
  __dlib_file_descriptor     = 0
  __dlib_full_locale_support = 0
  __double_size              = 32
  __pic                      = no
  __reg_r4                   = free
  __reg_r5                   = free
  __rt_version               = 3

                ****************************************
                *                                      *
                *    AUTOMATIC SYMBOL REDIRECTIONS     *
                *                                      *
                ****************************************




                ****************************************
                *                                      *
                *              MODULE MAP              *
                *                                      *
                ****************************************


  DEFINED ABSOLUTE ENTRIES
    *************************************************************************

  DEFINED ABSOLUTE ENTRIES
  PROGRAM MODULE, NAME : ?ABS_ENTRY_MOD

Absolute parts
           ENTRY                   ADDRESS         REF BY
           =====                   =======         ======
           _DATA20_HEAP_SIZE       0050 
           _DATA16_HEAP_SIZE       0050 
           _STACK_SIZE             0050 
           ?CPU30_OFFSET           0002 
    *************************************************************************

  FILE NAME : D:\Projects\cronosTI\v2\Sports Watch\868MHz - Limited IAR Kickstart (Europe)\Obj\acceleration.r43
  PROGRAM MODULE, NAME : acceleration

  SEGMENTS IN THE MODULE
  ======================
DATA16_Z
  Relative segment, address: 1C78 - 1C81 (0xa bytes), align: 1
  Segment part 3.             Intra module refs:   display_acceleration
                                                   do_acceleration_measurement
                                                   is_acceleration_measurement
                                                   reset_acceleration
                                                   sx_acceleration
           ENTRY                   ADDRESS         REF BY
           =====                   =======         ======
           sAccel                  1C78            TIMER0_A0_ISR (timer)
                                                   simpliciti_get_ed_data_callback (rfsimpliciti)
                                                   test_mode (test)
    -------------------------------------------------------------------------
DATA16_C
  Relative segment, address: 8144 - 8147 (0x4 bytes), align: 0
  Segment part 2.             Intra module refs:   display_acceleration
    -------------------------------------------------------------------------
DATA16_C
  Relative segment, address: 8000 - 800D (0xe bytes), align: 1
  Segment part 4.             Intra module refs:   convert_acceleration_value_to_mgrav
           ENTRY                   ADDRESS         REF BY
           =====                   =======         ======
           mgrav_per_bit           8000 
    -------------------------------------------------------------------------
<CODE> 1 (was CODE)
  Relative segment, address: F200 - F20D (0xe bytes), align: 1
  Segment part 11.
           ENTRY                   ADDRESS         REF BY
           =====                   =======         ======
           reset_acceleration      F200            init_global_variables (main)
               CSTACK = 00000000 ( 00000004 )
    -------------------------------------------------------------------------
<CODE> 1 (was CODE)
  Relative segment, address: EA28 - EA45 (0x1e bytes), align: 1
  Segment part 10.
           ENTRY                   ADDRESS         REF BY
           =====                   =======         ======
           sx_acceleration         EA28            menu_L1_Acceleration (menu)
               calls direct
               CSTACK = 00000000 ( 00000004 )
    -------------------------------------------------------------------------
<CODE> 1 (was CODE)
  Relative segment, address: D6B4 - D6FD (0x4a bytes), align: 1
  Segment part 6.             Intra module refs:   display_acceleration
           ENTRY                   ADDRESS         REF BY
           =====                   =======         ======
           convert_acceleration_value_to_mgrav
                                   D6B4 
               CSTACK = 00000000 ( 00000012 )
    -------------------------------------------------------------------------
<CODE> 1 (was CODE)
  Relative segment, address: EC90 - ECA7 (0x18 bytes), align: 1
  Segment part 7.             Intra module refs:   display_acceleration
           ENTRY                   ADDRESS         REF BY
           =====                   =======         ======
           is_acceleration_measurement
                                   EC90            TIMER0_A0_ISR (timer)
               CSTACK = 00000000 ( 00000004 )
    -------------------------------------------------------------------------
<CODE> 1 (was CODE)
  Relative segment, address: F0B0 - F0BF (0x10 bytes), align: 1
  Segment part 9.
           ENTRY                   ADDRESS         REF BY
           =====                   =======         ======
           do_acceleration_measurement
                                   F0B0            process_requests (main)
               calls direct
               CSTACK = 00000000 ( 00000004 )
    -------------------------------------------------------------------------
<CODE> 1 (was CODE)
  Relative segment, address: A9DA - AB01 (0x128 bytes), align: 1
  Segment part 8.
           ENTRY                   ADDRESS         REF BY
           =====                   =======         ======
           display_acceleration    A9DA            menu_L1_Acceleration (menu)
               calls direct
               CSTACK = 00000000 ( 00000010 )

    *************************************************************************

  FILE NAME : D:\Projects\cronosTI\v2\Sports Watch\868MHz - Limited IAR Kickstart (Europe)\Obj\alarm.r43
  PROGRAM MODULE, NAME : alarm

  SEGMENTS IN THE MODULE
  ======================
DATA16_Z
  Relative segment, address: 1DB6 - 1DB9 (0x4 bytes), align: 0
  Segment part 2.             Intra module refs:   check_alarm
                                                   display_alarm
                                                   mx_alarm
                                                   reset_alarm
                                                   stop_alarm
                                                   sx_alarm
           ENTRY                   ADDRESS         REF BY
           =====                   =======         ======
           sAlarm                  1DB6            PORT2_ISR (ports)
                                                   TIMER0_A0_ISR (timer)
                                                   simpliciti_sync_decode_ap_cmd_callback (rfsimpliciti)
                                                   simpliciti_sync_get_data_callback (rfsimpliciti)
    -------------------------------------------------------------------------
<CODE> 1 (was CODE)
  Relative segment, address: EC18 - EC2F (0x18 bytes), align: 1
  Segment part 10.
           ENTRY                   ADDRESS         REF BY
           =====                   =======         ======
           reset_alarm             EC18            init_global_variables (main)
               CSTACK = 00000000 ( 00000004 )
    -------------------------------------------------------------------------
<CODE> 1 (was CODE)
  Relative segment, address: EA80 - EA9B (0x1c bytes), align: 1
  Segment part 9.
           ENTRY                   ADDRESS         REF BY
           =====                   =======         ======
           check_alarm             EA80            TIMER0_A0_ISR (timer)
               CSTACK = 00000000 ( 00000004 )
    -------------------------------------------------------------------------
<CODE> 1 (was CODE)
  Relative segment, address: F4DC - F4E3 (0x8 bytes), align: 1
  Segment part 8.
           ENTRY                   ADDRESS         REF BY
           =====                   =======         ======
           stop_alarm              F4DC            PORT2_ISR (ports)
                                                   TIMER0_A0_ISR (timer)
               calls direct
               CSTACK = 00000000 ( 00000004 )
    -------------------------------------------------------------------------
<CODE> 1 (was CODE)
  Relative segment, address: E016 - E047 (0x32 bytes), align: 1
  Segment part 7.
           ENTRY                   ADDRESS         REF BY
           =====                   =======         ======
           sx_alarm                E016            menu_L1_Alarm (menu)
               CSTACK = 00000000 ( 00000004 )
    -------------------------------------------------------------------------
<CODE> 1 (was CODE)
  Relative segment, address: AF58 - B047 (0xf0 bytes), align: 1
  Segment part 6.
           ENTRY                   ADDRESS         REF BY
           =====                   =======         ======
           mx_alarm                AF58            menu_L1_Alarm (menu)
               calls direct
               CSTACK = 00000000 ( 0000001A )
    -------------------------------------------------------------------------
<CODE> 1 (was CODE)
  Relative segment, address: C1FC - C28D (0x92 bytes), align: 1
  Segment part 3.
           ENTRY                   ADDRESS         REF BY
           =====                   =======         ======
           display_alarm           C1FC            menu_L1_Alarm (menu)
               calls direct
               CSTACK = 00000000 ( 00000008 )
    -------------------------------------------------------------------------
<CODE> 1 (was CODE)
  Relative segment, address: E974 - E983 (0x10 bytes), align: 1
  Segment part 4.             Intra module refs:   display_alarm
           LOCAL                   ADDRESS         
           =====                   =======         
           ?Subroutine0            E974 
    -------------------------------------------------------------------------
<CODE> 1 (was CODE)
  Relative segment, address: E984 - E991 (0xe bytes), align: 1
  Segment part 5.             Intra module refs:   ?Subroutine0
                                                   display_alarm
           LOCAL                   ADDRESS         
           =====                   =======         
           ?Subroutine1            E984 

    *************************************************************************

  FILE NAME : D:\Projects\cronosTI\v2\Sports Watch\868MHz - Limited IAR Kickstart (Europe)\Obj\altitude.r43
  PROGRAM MODULE, NAME : altitude

  SEGMENTS IN THE MODULE
  ======================
DATA16_AN
  Relative segment, address: 0200 - 0201 (0x2 bytes), align: 0
  Segment part 1. ROOT.       Intra module refs:   PORT2_ISR (ports)
                                                   TIMER0_A0_ISR (timer)
                                                   button_repeat_function (ports)
                                                   do_altitude_measurement
                                                   simpliciti_get_ed_data_callback (rfsimpliciti)
                                                   start_altitude_measurement
                                                   test_mode (test)
                                                   wakeup_event (main)
           ENTRY                   ADDRESS         REF BY
           =====                   =======         ======
           _A_PAIN_L               0200 
           LOCAL                   ADDRESS         
           =====                   =======         
           PAIN                    0200 
           PAIN_H                  0201 
           PAIN_L                  0200 
    -------------------------------------------------------------------------
DATA16_AN
  Relative segment, address: 021A - 021B (0x2 bytes), align: 0
  Segment part 2. ROOT.       Intra module refs:   PORT2_ISR (ports)
                                                   as_start (vti_as)
                                                   as_stop (vti_as)
                                                   init_buttons (ports)
                                                   start_altitude_measurement
                                                   stop_altitude_measurement
                                                   sx_ppt (rfsimpliciti)
                                                   sx_rf (rfsimpliciti)
                                                   sx_sync (rfsimpliciti)
           ENTRY                   ADDRESS         REF BY
           =====                   =======         ======
           _A_PAIE_L               021A 
           LOCAL                   ADDRESS         
           =====                   =======         
           PAIE                    021A 
           PAIE_H                  021B 
           PAIE_L                  021A 
    -------------------------------------------------------------------------
DATA16_AN
  Relative segment, address: 021C - 021D (0x2 bytes), align: 0
  Segment part 3. ROOT.       Intra module refs:   PORT2_ISR (ports)
                                                   as_start (vti_as)
                                                   init_buttons (ports)
                                                   start_altitude_measurement
                                                   start_simpliciti_sync (rfsimpliciti)
                                                   start_simpliciti_tx_only (rfsimpliciti)
                                                   stop_altitude_measurement
           ENTRY                   ADDRESS         REF BY
           =====                   =======         ======
           _A_PAIFG_L              021C 
           LOCAL                   ADDRESS         
           =====                   =======         
           PAIFG                   021C 
           PAIFG_H                 021D 
           PAIFG_L                 021C 
    -------------------------------------------------------------------------
DATA16_Z
  Relative segment, address: 1C82 - 1C9F (0x1e bytes), align: 1
  Segment part 13.            Intra module refs:   ?Subroutine1
                                                   ?Subroutine12
                                                   ?Subroutine15
                                                   display_altitude
                                                   do_altitude_measurement
                                                   is_altitude_measurement
                                                   mx_altitude
                                                   reset_altitude_measurement
                                                   start_altitude_measurement
                                                   stop_altitude_measurement
                                                   sx_altitude
           ENTRY                   ADDRESS         REF BY
           =====                   =======         ======
           sAlt                    1C82            TIMER0_A0_ISR (timer)
                                                   read_calibration_values (main)
                                                   simpliciti_sync_decode_ap_cmd_callback (rfsimpliciti)
                                                   simpliciti_sync_get_data_callback (rfsimpliciti)
    -------------------------------------------------------------------------
<CODE> 1 (was CODE)
  Relative segment, address: DD8A - DDC1 (0x38 bytes), align: 1
  Segment part 44.
           ENTRY                   ADDRESS         REF BY
           =====                   =======         ======
           reset_altitude_measurement
                                   DD8A            init_global_variables (main)
               calls direct
               CSTACK = 00000000 ( 00000004 )
    -------------------------------------------------------------------------
<CODE> 1 (was CODE)
  Relative segment, address: F21C - F229 (0xe bytes), align: 1
  Segment part 45.            Intra module refs:   mx_altitude
                                                   reset_altitude_measurement
           LOCAL                   ADDRESS         
           =====                   =======         
           ?Subroutine12           F21C 
    -------------------------------------------------------------------------
<CODE> 1 (was CODE)
  Relative segment, address: 8BCE - 8BDF (0x12 bytes), align: 1
  Segment part 15.            Intra module refs:   display_altitude
                                                   mx_altitude
           ENTRY                   ADDRESS         REF BY
           =====                   =======         ======
           convert_m_to_ft         8BCE 
               CSTACK = 00000000 ( 00000004 )
    -------------------------------------------------------------------------
<CODE> 1 (was CODE)
  Relative segment, address: 8BE0 - 8BE5 (0x6 bytes), align: 1
  Segment part 16.            Intra module refs:   convert_ft_to_m
                                                   convert_m_to_ft
           LOCAL                   ADDRESS         
           =====                   =======         
           ?Subroutine0            8BE0 
    -------------------------------------------------------------------------
<CODE> 1 (was CODE)
  Relative segment, address: 8BE6 - 8CC3 (0xde bytes), align: 1
  Segment part 17.            Intra module refs:   start_altitude_measurement
           ENTRY                   ADDRESS         REF BY
           =====                   =======         ======
           do_altitude_measurement
                                   8BE6            process_requests (main)
                                                   test_mode (test)
               calls direct
               CSTACK = 00000000 ( 00000014 )
    -------------------------------------------------------------------------
<CODE> 1 (was CODE)
  Relative segment, address: 8CC4 - 8D27 (0x64 bytes), align: 1
  Segment part 18.            Intra module refs:   display_altitude
                                                   reset_altitude_measurement
           ENTRY                   ADDRESS         REF BY
           =====                   =======         ======
           start_altitude_measurement
                                   8CC4            start_simpliciti_sync (rfsimpliciti)
               calls direct
               CSTACK = 00000000 ( 00000004 )
    -------------------------------------------------------------------------
<CODE> 1 (was CODE)
  Relative segment, address: 8D28 - 8EE5 (0x1be bytes), align: 1
  Segment part 19.
           ENTRY                   ADDRESS         REF BY
           =====                   =======         ======
           display_altitude        8D28            menu_L1_Altitude (menu)
                                                   test_mode (test)
               calls direct
               CSTACK = 00000000 ( 00000014 )
    -------------------------------------------------------------------------
<CODE> 1 (was CODE)
  Relative segment, address: 8EE6 - 8EE7 (0x2 bytes), align: 1
  Segment part 20.            Intra module refs:   display_altitude
           LOCAL                   ADDRESS         
           =====                   =======         
           ?Subroutine10           8EE6 
    -------------------------------------------------------------------------
<CODE> 1 (was CODE)
  Relative segment, address: 8EE8 - 8EF1 (0xa bytes), align: 1
  Segment part 21.            Intra module refs:   ?Subroutine10
                                                   display_altitude
    -------------------------------------------------------------------------
<CODE> 1 (was CODE)
  Relative segment, address: 8EF2 - 8EFD (0xc bytes), align: 1
  Segment part 22.            Intra module refs:   display_altitude
           LOCAL                   ADDRESS         
           =====                   =======         
           ?Subroutine8            8EF2 
    -------------------------------------------------------------------------
<CODE> 1 (was CODE)
  Relative segment, address: 8EFE - 8F07 (0xa bytes), align: 1
  Segment part 23.            Intra module refs:   display_altitude
           LOCAL                   ADDRESS         
           =====                   =======         
           ?Subroutine7            8EFE 
    -------------------------------------------------------------------------
<CODE> 1 (was CODE)
  Relative segment, address: 8F08 - 8F0D (0x6 bytes), align: 1
  Segment part 24.            Intra module refs:   display_altitude
           LOCAL                   ADDRESS         
           =====                   =======         
           ?Subroutine6            8F08 
    -------------------------------------------------------------------------
<CODE> 1 (was CODE)
  Relative segment, address: 8F0E - 8F21 (0x14 bytes), align: 1
  Segment part 25.            Intra module refs:   ?Subroutine6
                                                   ?Subroutine7
           LOCAL                   ADDRESS         
           =====                   =======         
           ?Subroutine17           8F0E 
    -------------------------------------------------------------------------
<CODE> 1 (was CODE)
  Relative segment, address: 8F22 - 8F35 (0x14 bytes), align: 1
  Segment part 26.            Intra module refs:   display_altitude
           LOCAL                   ADDRESS         
           =====                   =======         
           ?Subroutine5            8F22 
    -------------------------------------------------------------------------
<CODE> 1 (was CODE)
  Relative segment, address: 8F36 - 8F3F (0xa bytes), align: 1
  Segment part 27.            Intra module refs:   ?Subroutine5
                                                   do_altitude_measurement
           LOCAL                   ADDRESS         
           =====                   =======         
           ?Subroutine16           8F36 
    -------------------------------------------------------------------------
<CODE> 1 (was CODE)
  Relative segment, address: 8F40 - 8F47 (0x8 bytes), align: 1
  Segment part 28.            Intra module refs:   ?Subroutine16
                                                   do_altitude_measurement
    -------------------------------------------------------------------------
<CODE> 1 (was CODE)
  Relative segment, address: 8F48 - 8F5B (0x14 bytes), align: 1
  Segment part 29.            Intra module refs:   display_altitude
           LOCAL                   ADDRESS         
           =====                   =======         
           ?Subroutine3            8F48 
    -------------------------------------------------------------------------
<CODE> 1 (was CODE)
  Relative segment, address: 8F5C - 8F61 (0x6 bytes), align: 1
  Segment part 30.            Intra module refs:   display_altitude
           LOCAL                   ADDRESS         
           =====                   =======         
           ?Subroutine2            8F5C 
    -------------------------------------------------------------------------
<CODE> 1 (was CODE)
  Relative segment, address: 8F62 - 8F63 (0x2 bytes), align: 1
  Segment part 31.            Intra module refs:   ?Subroutine2
                                                   ?Subroutine7
           LOCAL                   ADDRESS         
           =====                   =======         
           ?Subroutine18           8F62 
    -------------------------------------------------------------------------
<CODE> 1 (was CODE)
  Relative segment, address: 8F64 - 8F6B (0x8 bytes), align: 1
  Segment part 32.            Intra module refs:   ?Subroutine18
                                                   ?Subroutine6
                                                   ?Subroutine8
                                                   ?Subroutine9
                                                   display_altitude
                                                   mx_altitude
    -------------------------------------------------------------------------
<CODE> 1 (was CODE)
  Relative segment, address: 8F6C - 8F7B (0x10 bytes), align: 1
  Segment part 33.            Intra module refs:   ?Subroutine2
                                                   ?Subroutine3
           LOCAL                   ADDRESS         
           =====                   =======         
           ?Subroutine13           8F6C 
    -------------------------------------------------------------------------
<CODE> 1 (was CODE)
  Relative segment, address: 8F7C - 8FA9 (0x2e bytes), align: 1
  Segment part 34.            Intra module refs:   display_altitude
           LOCAL                   ADDRESS         
           =====                   =======         
           ?Subroutine1            8F7C 
    -------------------------------------------------------------------------
<CODE> 1 (was CODE)
  Relative segment, address: 8FAA - 8FB5 (0xc bytes), align: 1
  Segment part 35.            Intra module refs:   ?Subroutine1
                                                   do_altitude_measurement
           LOCAL                   ADDRESS         
           =====                   =======         
           ?Subroutine15           8FAA 
    -------------------------------------------------------------------------
<CODE> 1 (was CODE)
  Relative segment, address: 8FB6 - 8FCB (0x16 bytes), align: 1
  Segment part 36.            Intra module refs:   mx_altitude
           ENTRY                   ADDRESS         REF BY
           =====                   =======         ======
           convert_ft_to_m         8FB6 
               CSTACK = 00000000 ( 00000004 )
    -------------------------------------------------------------------------
<CODE> 1 (was CODE)
  Relative segment, address: 8FCC - 8FD5 (0xa bytes), align: 1
  Segment part 37.            Intra module refs:   ?Subroutine1
                                                   ?Subroutine4
                                                   convert_ft_to_m
                                                   convert_m_to_ft
           LOCAL                   ADDRESS         
           =====                   =======         
           ?Subroutine14           8FCC 
    -------------------------------------------------------------------------
<CODE> 1 (was CODE)
  Relative segment, address: 8FD6 - 913D (0x168 bytes), align: 1
  Segment part 38.
           ENTRY                   ADDRESS         REF BY
           =====                   =======         ======
           mx_altitude             8FD6            menu_L1_Altitude (menu)
               calls direct
               CSTACK = 00000000 ( 00000026 )
    -------------------------------------------------------------------------
<CODE> 1 (was CODE)
  Relative segment, address: 913E - 9147 (0xa bytes), align: 1
  Segment part 39.            Intra module refs:   display_altitude
                                                   mx_altitude
           LOCAL                   ADDRESS         
           =====                   =======         
           ?Subroutine11           913E 
    -------------------------------------------------------------------------
<CODE> 1 (was CODE)
  Relative segment, address: 9148 - 914D (0x6 bytes), align: 1
  Segment part 40.            Intra module refs:   display_altitude
           LOCAL                   ADDRESS         
           =====                   =======         
           ?Subroutine9            9148 
    -------------------------------------------------------------------------
<CODE> 1 (was CODE)
  Relative segment, address: EC60 - EC77 (0x18 bytes), align: 1
  Segment part 43.
           ENTRY                   ADDRESS         REF BY
           =====                   =======         ======
           is_altitude_measurement
                                   EC60            TIMER0_A0_ISR (timer)
               CSTACK = 00000000 ( 00000004 )
    -------------------------------------------------------------------------
<CODE> 1 (was CODE)
  Relative segment, address: EA64 - EA7F (0x1c bytes), align: 1
  Segment part 14.            Intra module refs:   display_altitude
                                                   reset_altitude_measurement
           ENTRY                   ADDRESS         REF BY
           =====                   =======         ======
           stop_altitude_measurement
                                   EA64            TIMER0_A0_ISR (timer)
                                                   start_simpliciti_sync (rfsimpliciti)
                                                   test_mode (test)
               calls direct
               CSTACK = 00000000 ( 00000004 )
    -------------------------------------------------------------------------
<CODE> 1 (was CODE)
  Relative segment, address: E16E - E19D (0x30 bytes), align: 1
  Segment part 42.
           ENTRY                   ADDRESS         REF BY
           =====                   =======         ======
           sx_altitude             E16E            menu_L1_Altitude (menu)
               CSTACK = 00000000 ( 00000004 )
    -------------------------------------------------------------------------
<CODE> 1 (was CODE)
  Relative segment, address: F20E - F21B (0xe bytes), align: 1
  Segment part 41.            Intra module refs:   mx_altitude
           LOCAL                   ADDRESS         
           =====                   =======         
           ?Subroutine4            F20E 
    -------------------------------------------------------------------------
DATA16_C
  Relative segment, address: 8148 - 814B (0x4 bytes), align: 0
  Segment part 5.             Intra module refs:   start_altitude_measurement
    -------------------------------------------------------------------------
DATA16_C
  Relative segment, address: 814C - 8152 (0x7 bytes), align: 0
  Segment part 6.             Intra module refs:   mx_altitude
    -------------------------------------------------------------------------
DATA16_C
  Relative segment, address: 8153 - 8158 (0x6 bytes), align: 0
  Segment part 7.             Intra module refs:   mx_altitude
    -------------------------------------------------------------------------
DATA16_C
  Relative segment, address: 8159 - 815D (0x5 bytes), align: 0
  Segment part 8.             Intra module refs:   display_altitude
    -------------------------------------------------------------------------
DATA16_C
  Relative segment, address: 815E - 8162 (0x5 bytes), align: 0
  Segment part 9.             Intra module refs:   display_altitude
    -------------------------------------------------------------------------
DATA16_C
  Relative segment, address: 8163 - 8167 (0x5 bytes), align: 0
  Segment part 10.            Intra module refs:   display_altitude
    -------------------------------------------------------------------------
DATA16_C
  Relative segment, address: 8168 - 816C (0x5 bytes), align: 0
  Segment part 11.            Intra module refs:   display_altitude
    -------------------------------------------------------------------------
DATA16_C
  Relative segment, address: 816D - 8171 (0x5 bytes), align: 0
  Segment part 12.            Intra module refs:   display_altitude

    *************************************************************************

  FILE NAME : D:\Projects\cronosTI\v2\Sports Watch\868MHz - Limited IAR Kickstart (Europe)\Obj\battery.r43
  PROGRAM MODULE, NAME : battery

  SEGMENTS IN THE MODULE
  ======================
DATA16_Z
  Relative segment, address: 1CA0 - 1CA5 (0x6 bytes), align: 1
  Segment part 2.             Intra module refs:   ?Subroutine0
                                                   battery_measurement
                                                   display_battery_V
                                                   reset_batt_measurement
           ENTRY                   ADDRESS         REF BY
           =====                   =======         ======
           sBatt                   1CA0            TIMER0_A0_ISR (timer)
                                                   read_calibration_values (main)
    -------------------------------------------------------------------------
<CODE> 1 (was CODE)
  Relative segment, address: EF5C - EF6D (0x12 bytes), align: 1
  Segment part 6.
           ENTRY                   ADDRESS         REF BY
           =====                   =======         ======
           reset_batt_measurement
                                   EF5C            init_global_variables (main)
               CSTACK = 00000000 ( 00000004 )
    -------------------------------------------------------------------------
<CODE> 1 (was CODE)
  Relative segment, address: CC52 - CCB7 (0x66 bytes), align: 1
  Segment part 5.
           ENTRY                   ADDRESS         REF BY
           =====                   =======         ======
           battery_measurement     CC52            init_global_variables (main)
                                                   process_requests (main)
               calls direct
               CSTACK = 00000000 ( 00000004 )
    -------------------------------------------------------------------------
<CODE> 1 (was CODE)
  Relative segment, address: D8DC - D91B (0x40 bytes), align: 1
  Segment part 3.
           ENTRY                   ADDRESS         REF BY
           =====                   =======         ======
           display_battery_V       D8DC            menu_L2_Battery (menu)
               calls direct
               CSTACK = 00000000 ( 00000004 )
    -------------------------------------------------------------------------
<CODE> 1 (was CODE)
  Relative segment, address: EAD4 - EAEF (0x1c bytes), align: 1
  Segment part 4.             Intra module refs:   display_battery_V
           LOCAL                   ADDRESS         
           =====                   =======         
           ?Subroutine0            EAD4 

    *************************************************************************

  FILE NAME : D:\Projects\cronosTI\v2\Sports Watch\868MHz - Limited IAR Kickstart (Europe)\Obj\bluerobin.r43
  PROGRAM MODULE, NAME : bluerobin

  SEGMENTS IN THE MODULE
  ======================
DATA16_Z
  Relative segment, address: 1CA6 - 1CBD (0x18 bytes), align: 1
  Segment part 5.             Intra module refs:   ?Subroutine0
                                                   display_heartrate
                                                   get_bluerobin_data
                                                   is_bluerobin
                                                   is_bluerobin_searching
                                                   reset_bluerobin
                                                   stop_bluerobin
                                                   sx_bluerobin
           ENTRY                   ADDRESS         REF BY
           =====                   =======         ======
           sBlueRobin              1CA6            radio_ISR (radio)
    -------------------------------------------------------------------------
DATA16_C
  Relative segment, address: 8172 - 8175 (0x4 bytes), align: 0
  Segment part 4.             Intra module refs:   display_heartrate
    -------------------------------------------------------------------------
<CODE> 1 (was CODE)
  Relative segment, address: E3C2 - E3ED (0x2c bytes), align: 1
  Segment part 33.
           ENTRY                   ADDRESS         REF BY
           =====                   =======         ======
           reset_bluerobin         E3C2            init_global_variables (main)
               CSTACK = 00000000 ( 00000004 )
    -------------------------------------------------------------------------
<CODE> 1 (was CODE)
  Relative segment, address: EEF0 - EF01 (0x12 bytes), align: 1
  Segment part 34.            Intra module refs:   reset_bluerobin
                                                   stop_bluerobin
           LOCAL                   ADDRESS         
           =====                   =======         
           ?Subroutine0            EEF0 
    -------------------------------------------------------------------------
<CODE> 1 (was CODE)
  Relative segment, address: B048 - B135 (0xee bytes), align: 1
  Segment part 28.
           ENTRY                   ADDRESS         REF BY
           =====                   =======         ======
           sx_bluerobin            B048            test_mode (test)
               calls direct
               CSTACK = 00000000 ( 00000004 )
    -------------------------------------------------------------------------
<CODE> 1 (was CODE)
  Relative segment, address: F572 - F577 (0x6 bytes), align: 1
  Segment part 29.            Intra module refs:   get_bluerobin_data
                                                   sx_bluerobin
           LOCAL                   ADDRESS         
           =====                   =======         
           ?Subroutine4            F572 
    -------------------------------------------------------------------------
<CODE> 1 (was CODE)
  Relative segment, address: F4F4 - F4FB (0x8 bytes), align: 1
  Segment part 30.            Intra module refs:   stop_bluerobin
                                                   sx_bluerobin
           LOCAL                   ADDRESS         
           =====                   =======         
           ?Subroutine3            F4F4 
    -------------------------------------------------------------------------
<CODE> 1 (was CODE)
  Relative segment, address: F504 - F50B (0x8 bytes), align: 1
  Segment part 31.            Intra module refs:   stop_bluerobin
                                                   sx_bluerobin
           LOCAL                   ADDRESS         
           =====                   =======         
           ?Subroutine2            F504 
    -------------------------------------------------------------------------
<CODE> 1 (was CODE)
  Relative segment, address: F380 - F381 (0x2 bytes), align: 1
  Segment part 16.            Intra module refs:   display_heartrate
           LOCAL                   ADDRESS         
           =====                   =======         
           ?Subroutine10           F380 
    -------------------------------------------------------------------------
<CODE> 1 (was CODE)
  Relative segment, address: F382 - F38B (0xa bytes), align: 1
  Segment part 17.            Intra module refs:   ?Subroutine10
    -------------------------------------------------------------------------
<CODE> 1 (was CODE)
  Relative segment, address: D366 - D3B5 (0x50 bytes), align: 1
  Segment part 21.
           ENTRY                   ADDRESS         REF BY
           =====                   =======         ======
           display_heartrate       D366            test_mode (test)
               calls direct
               CSTACK = 00000000 ( 00000006 )
    -------------------------------------------------------------------------
<CODE> 1 (was CODE)
  Relative segment, address: F1BA - F1C7 (0xe bytes), align: 1
  Segment part 10.            Intra module refs:   display_heartrate
           ENTRY                   ADDRESS         REF BY
           =====                   =======         ======
           is_bluerobin            F1BA            TIMER0_A0_ISR (timer)
                                                   display_update (main)
                                                   sx_ppt (rfsimpliciti)
                                                   sx_rf (rfsimpliciti)
                                                   sx_rfbsl (rfbsl)
                                                   sx_sync (rfsimpliciti)
               CSTACK = 00000000 ( 00000004 )
    -------------------------------------------------------------------------
<CODE> 1 (was CODE)
  Relative segment, address: F1AC - F1B9 (0xe bytes), align: 1
  Segment part 9.
           ENTRY                   ADDRESS         REF BY
           =====                   =======         ======
           is_bluerobin_searching
                                   F1AC            TIMER0_A0_ISR (timer)
               CSTACK = 00000000 ( 00000004 )
    -------------------------------------------------------------------------
<CODE> 1 (was CODE)
  Relative segment, address: C3B2 - C443 (0x92 bytes), align: 1
  Segment part 8.
           ENTRY                   ADDRESS         REF BY
           =====                   =======         ======
           get_bluerobin_data      C3B2            TIMER0_A0_ISR (timer)
                                                   test_mode (test)
               calls direct
               CSTACK = 00000000 ( 00000006 )
    -------------------------------------------------------------------------
<CODE> 1 (was CODE)
  Relative segment, address: DEA2 - DED7 (0x36 bytes), align: 1
  Segment part 7.             Intra module refs:   get_bluerobin_data
                                                   sx_bluerobin
           ENTRY                   ADDRESS         REF BY
           =====                   =======         ======
           stop_bluerobin          DEA2            test_mode (test)
               calls direct
               CSTACK = 00000000 ( 00000004 )

    *************************************************************************

  FILE NAME : D:\Projects\cronosTI\v2\Sports Watch\868MHz - Limited IAR Kickstart (Europe)\Obj\clock.r43
  PROGRAM MODULE, NAME : clock

  SEGMENTS IN THE MODULE
  ======================
DATA16_Z
  Relative segment, address: 1CBE - 1CCB (0xe bytes), align: 1
  Segment part 2.             Intra module refs:   clock_tick
                                                   display_time
                                                   mx_time
                                                   reset_clock
                                                   sx_time
           ENTRY                   ADDRESS         REF BY
           =====                   =======         ======
           sTime                   1CBE            PORT2_ISR (ports)
                                                   TIMER0_A0_ISR (timer)
                                                   button_repeat_function (ports)
                                                   check_alarm (alarm)
                                                   display_date (date)
                                                   simpliciti_sync_decode_ap_cmd_callback (rfsimpliciti)
                                                   simpliciti_sync_get_data_callback (rfsimpliciti)
    -------------------------------------------------------------------------
DATA16_C
  Relative segment, address: 8176 - 817D (0x8 bytes), align: 0
  Segment part 3.             Intra module refs:   display_selection_Timeformat1
           ENTRY                   ADDRESS         REF BY
           =====                   =======         ======
           selection_Timeformat    8176 
    -------------------------------------------------------------------------
<CODE> 1 (was CODE)
  Relative segment, address: E5F6 - E619 (0x24 bytes), align: 1
  Segment part 18.
           ENTRY                   ADDRESS         REF BY
           =====                   =======         ======
           reset_clock             E5F6            init_global_variables (main)
               CSTACK = 00000000 ( 00000004 )
    -------------------------------------------------------------------------
<CODE> 1 (was CODE)
  Relative segment, address: CB0A - CB79 (0x70 bytes), align: 1
  Segment part 17.
           ENTRY                   ADDRESS         REF BY
           =====                   =======         ======
           clock_tick              CB0A            TIMER0_A0_ISR (timer)
               calls direct
               CSTACK = 00000000 ( 00000004 )
    -------------------------------------------------------------------------
<CODE> 1 (was CODE)
  Relative segment, address: ED58 - ED6D (0x16 bytes), align: 1
  Segment part 4.             Intra module refs:   ?Subroutine1
           ENTRY                   ADDRESS         REF BY
           =====                   =======         ======
           convert_hour_to_12H_format
                                   ED58            display_alarm (alarm)
                                                   display_hours (display)
               CSTACK = 00000000 ( 00000004 )
    -------------------------------------------------------------------------
<CODE> 1 (was CODE)
  Relative segment, address: F400 - F409 (0xa bytes), align: 1
  Segment part 16.
           ENTRY                   ADDRESS         REF BY
           =====                   =======         ======
           is_hour_am              F400            display_am_pm_symbol (display)
               CSTACK = 00000000 ( 00000004 )
    -------------------------------------------------------------------------
<CODE> 1 (was CODE)
  Relative segment, address: EAB8 - EAD3 (0x1c bytes), align: 1
  Segment part 15.            Intra module refs:   mx_time
           ENTRY                   ADDRESS         REF BY
           =====                   =======         ======
           display_selection_Timeformat1
                                   EAB8 
               calls direct
               CSTACK = 00000000 ( 00000008 )
    -------------------------------------------------------------------------
<CODE> 1 (was CODE)
  Relative segment, address: 99A4 - 9B73 (0x1d0 bytes), align: 1
  Segment part 12.
           ENTRY                   ADDRESS         REF BY
           =====                   =======         ======
           mx_time                 99A4            menu_L1_Time (menu)
               calls direct
               CSTACK = 00000000 ( 00000024 )
    -------------------------------------------------------------------------
<CODE> 1 (was CODE)
  Relative segment, address: F478 - F481 (0xa bytes), align: 1
  Segment part 13.            Intra module refs:   mx_time
           LOCAL                   ADDRESS         
           =====                   =======         
           ?Subroutine4            F478 
    -------------------------------------------------------------------------
<CODE> 1 (was CODE)
  Relative segment, address: F3C4 - F3CD (0xa bytes), align: 1
  Segment part 14.            Intra module refs:   mx_time
           LOCAL                   ADDRESS         
           =====                   =======         
           ?Subroutine3            F3C4 
    -------------------------------------------------------------------------
<CODE> 1 (was CODE)
  Relative segment, address: EFB6 - EFC7 (0x12 bytes), align: 1
  Segment part 11.
           ENTRY                   ADDRESS         REF BY
           =====                   =======         ======
           sx_time                 EFB6            menu_L1_Time (menu)
               CSTACK = 00000000 ( 00000004 )
    -------------------------------------------------------------------------
<CODE> 1 (was CODE)
  Relative segment, address: B220 - B307 (0xe8 bytes), align: 1
  Segment part 5.
           ENTRY                   ADDRESS         REF BY
           =====                   =======         ======
           display_time            B220            menu_L1_Time (menu)
                                                   simpliciti_get_ed_data_callback (rfsimpliciti)
                                                   start_simpliciti_tx_only (rfsimpliciti)
               calls direct
               CSTACK = 00000000 ( 00000014 )
    -------------------------------------------------------------------------
<CODE> 1 (was CODE)
  Relative segment, address: D06E - D083 (0x16 bytes), align: 1
  Segment part 6.             Intra module refs:   display_time
           LOCAL                   ADDRESS         
           =====                   =======         
           ?Subroutine2            D06E 
    -------------------------------------------------------------------------
<CODE> 1 (was CODE)
  Relative segment, address: D084 - D0A7 (0x24 bytes), align: 1
  Segment part 7.             Intra module refs:   display_time
           LOCAL                   ADDRESS         
           =====                   =======         
           ?Subroutine1            D084 
    -------------------------------------------------------------------------
<CODE> 1 (was CODE)
  Relative segment, address: D0A8 - D0AD (0x6 bytes), align: 1
  Segment part 8.             Intra module refs:   ?Subroutine1
                                                   ?Subroutine5
                                                   display_time
           LOCAL                   ADDRESS         
           =====                   =======         
           ?Subroutine6            D0A8 
    -------------------------------------------------------------------------
<CODE> 1 (was CODE)
  Relative segment, address: D0AE - D0B9 (0xc bytes), align: 1
  Segment part 9.             Intra module refs:   display_time
           LOCAL                   ADDRESS         
           =====                   =======         
           ?Subroutine0            D0AE 
    -------------------------------------------------------------------------
<CODE> 1 (was CODE)
  Relative segment, address: D0BA - D0C5 (0xc bytes), align: 1
  Segment part 10.            Intra module refs:   ?Subroutine0
                                                   ?Subroutine2
           LOCAL                   ADDRESS         
           =====                   =======         
           ?Subroutine5            D0BA 

    *************************************************************************

  FILE NAME : D:\Projects\cronosTI\v2\Sports Watch\868MHz - Limited IAR Kickstart (Europe)\Obj\date.r43
  PROGRAM MODULE, NAME : date

  SEGMENTS IN THE MODULE
  ======================
DATA16_Z
  Relative segment, address: 1CCC - 1CD1 (0x6 bytes), align: 1
  Segment part 3.             Intra module refs:   ?Subroutine5
                                                   add_day
                                                   display_date
                                                   mx_date
                                                   reset_date
                                                   sx_date
           ENTRY                   ADDRESS         REF BY
           =====                   =======         ======
           sDate                   1CCC            clock_tick (clock)
                                                   simpliciti_sync_decode_ap_cmd_callback (rfsimpliciti)
                                                   simpliciti_sync_get_data_callback (rfsimpliciti)
    -------------------------------------------------------------------------
<CODE> 1 (was CODE)
  Relative segment, address: ED16 - ED2B (0x16 bytes), align: 1
  Segment part 19.
           ENTRY                   ADDRESS         REF BY
           =====                   =======         ======
           reset_date              ED16            init_global_variables (main)
               CSTACK = 00000000 ( 00000004 )
    -------------------------------------------------------------------------
<CODE> 1 (was CODE)
  Relative segment, address: CE40 - CE9F (0x60 bytes), align: 1
  Segment part 4.             Intra module refs:   display_date
           ENTRY                   ADDRESS         REF BY
           =====                   =======         ======
           get_dow                 CE40 
               CSTACK = 00000000 ( 00000008 )
    -------------------------------------------------------------------------
<CODE> 1 (was CODE)
  Relative segment, address: C9B2 - CA25 (0x74 bytes), align: 1
  Segment part 14.            Intra module refs:   add_day
                                                   mx_date
           ENTRY                   ADDRESS         REF BY
           =====                   =======         ======
           get_numberOfDays        C9B2 
               CSTACK = 00000000 ( 00000006 )
    -------------------------------------------------------------------------
<CODE> 1 (was CODE)
  Relative segment, address: DBF8 - DC31 (0x3a bytes), align: 1
  Segment part 18.
           ENTRY                   ADDRESS         REF BY
           =====                   =======         ======
           add_day                 DBF8            clock_tick (clock)
               calls direct
               CSTACK = 00000000 ( 00000008 )
    -------------------------------------------------------------------------
<CODE> 1 (was CODE)
  Relative segment, address: 9D2E - 9EB1 (0x184 bytes), align: 1
  Segment part 15.
           ENTRY                   ADDRESS         REF BY
           =====                   =======         ======
           mx_date                 9D2E            menu_L2_Date (menu)
               calls direct
               CSTACK = 00000000 ( 0000002E )
    -------------------------------------------------------------------------
<CODE> 1 (was CODE)
  Relative segment, address: F4FC - F503 (0x8 bytes), align: 1
  Segment part 16.            Intra module refs:   display_date
                                                   mx_date
           LOCAL                   ADDRESS         
           =====                   =======         
           ?Subroutine7            F4FC 
    -------------------------------------------------------------------------
<CODE> 1 (was CODE)
  Relative segment, address: EBCC - EBE5 (0x1a bytes), align: 1
  Segment part 17.            Intra module refs:   mx_date
           LOCAL                   ADDRESS         
           =====                   =======         
           ?Subroutine1            EBCC 
    -------------------------------------------------------------------------
<CODE> 1 (was CODE)
  Relative segment, address: E0DE - E10D (0x30 bytes), align: 1
  Segment part 13.
           ENTRY                   ADDRESS         REF BY
           =====                   =======         ======
           sx_date                 E0DE            menu_L2_Date (menu)
               CSTACK = 00000000 ( 00000004 )
    -------------------------------------------------------------------------
<CODE> 1 (was CODE)
  Relative segment, address: A014 - A165 (0x152 bytes), align: 1
  Segment part 5.
           ENTRY                   ADDRESS         REF BY
           =====                   =======         ======
           display_date            A014            menu_L2_Date (menu)
               calls direct
               CSTACK = 00000000 ( 0000002A )
    -------------------------------------------------------------------------
<CODE> 1 (was CODE)
  Relative segment, address: F566 - F56B (0x6 bytes), align: 1
  Segment part 6.             Intra module refs:   display_date
           LOCAL                   ADDRESS         
           =====                   =======         
           ?Subroutine6            F566 
    -------------------------------------------------------------------------
<CODE> 1 (was CODE)
  Relative segment, address: EFEC - EFFD (0x12 bytes), align: 1
  Segment part 7.             Intra module refs:   display_date
           LOCAL                   ADDRESS         
           =====                   =======         
           ?Subroutine5            EFEC 
    -------------------------------------------------------------------------
<CODE> 1 (was CODE)
  Relative segment, address: F3E2 - F3EB (0xa bytes), align: 1
  Segment part 8.             Intra module refs:   ?Subroutine0
                                                   ?Subroutine2
                                                   display_date
           LOCAL                   ADDRESS         
           =====                   =======         
           ?Subroutine9            F3E2 
    -------------------------------------------------------------------------
<CODE> 1 (was CODE)
  Relative segment, address: F2F0 - F2FB (0xc bytes), align: 1
  Segment part 9.             Intra module refs:   display_date
           LOCAL                   ADDRESS         
           =====                   =======         
           ?Subroutine3            F2F0 
    -------------------------------------------------------------------------
<CODE> 1 (was CODE)
  Relative segment, address: F4AA - F4B3 (0xa bytes), align: 1
  Segment part 10.            Intra module refs:   ?Subroutine3
                                                   display_date
           LOCAL                   ADDRESS         
           =====                   =======         
           ?Subroutine8            F4AA 
    -------------------------------------------------------------------------
<CODE> 1 (was CODE)
  Relative segment, address: F464 - F46D (0xa bytes), align: 1
  Segment part 11.            Intra module refs:   display_date
           LOCAL                   ADDRESS         
           =====                   =======         
           ?Subroutine2            F464 
    -------------------------------------------------------------------------
<CODE> 1 (was CODE)
  Relative segment, address: F432 - F43B (0xa bytes), align: 1
  Segment part 12.            Intra module refs:   display_date
           LOCAL                   ADDRESS         
           =====                   =======         
           ?Subroutine0            F432 
    -------------------------------------------------------------------------
DATA16_C
  Relative segment, address: 817E - 8192 (0x15 bytes), align: 0
  Segment part 2.             Intra module refs:   display_date

    *************************************************************************

  FILE NAME : D:\Projects\cronosTI\v2\Sports Watch\868MHz - Limited IAR Kickstart (Europe)\Obj\main.r43
  PROGRAM MODULE, NAME : main

  SEGMENTS IN THE MODULE
  ======================
DATA16_AN
  Relative segment, address: 0202 - 0203 (0x2 bytes), align: 0
  Segment part 2. ROOT.       Intra module refs:   PORT2_ISR (ports)
                                                   TIMER0_A0_ISR (timer)
                                                   as_init (vti_as)
                                                   as_stop (vti_as)
                                                   init_application
                                                   init_buttons (ports)
                                                   stop_buzzer (buzzer)
                                                   sx_ppt (rfsimpliciti)
                                                   sx_rf (rfsimpliciti)
                                                   sx_sync (rfsimpliciti)
                                                   test_mode (test)
                                                   toggle_buzzer (buzzer)
           ENTRY                   ADDRESS         REF BY
           =====                   =======         ======
           _A_PAOUT_L              0202 
           LOCAL                   ADDRESS         
           =====                   =======         
           PAOUT                   0202 
           PAOUT_H                 0203 
           PAOUT_L                 0202 
    -------------------------------------------------------------------------
DATA16_AN
  Relative segment, address: 0204 - 0205 (0x2 bytes), align: 0
  Segment part 3. ROOT.       Intra module refs:   PORT2_ISR (ports)
                                                   TIMER0_A0_ISR (timer)
                                                   as_init (vti_as)
                                                   as_start (vti_as)
                                                   as_stop (vti_as)
                                                   init_application
                                                   init_buttons (ports)
                                                   ps_init (vti_ps)
                                                   sx_ppt (rfsimpliciti)
                                                   sx_rf (rfsimpliciti)
                                                   sx_sync (rfsimpliciti)
                                                   test_mode (test)
           ENTRY                   ADDRESS         REF BY
           =====                   =======         ======
           _A_PADIR_L              0204 
           LOCAL                   ADDRESS         
           =====                   =======         
           PADIR                   0204 
           PADIR_H                 0205 
           PADIR_L                 0204 
    -------------------------------------------------------------------------
DATA16_AN
  Relative segment, address: 024A - 024B (0x2 bytes), align: 0
  Segment part 4. ROOT.       Intra module refs:   init_application
                                                   lcd_init (display)
           ENTRY                   ADDRESS         REF BY
           =====                   =======         ======
           _A_PCSEL_L              024A 
           LOCAL                   ADDRESS         
           =====                   =======         
           PCSEL                   024A 
           PCSEL_H                 024B 
           PCSEL_L                 024A 
    -------------------------------------------------------------------------
DATA16_AN
  Relative segment, address: 01C0 - 01C1 (0x2 bytes), align: 0
  Segment part 5. ROOT.       Intra module refs:   init_application
           ENTRY                   ADDRESS         REF BY
           =====                   =======         ======
           _A_PMAPKEYID_L          01C0 
           LOCAL                   ADDRESS         
           =====                   =======         
           PMAPKEYID               01C0 
           PMAPKEYID_H             01C1 
           PMAPKEYID_L             01C0 
    -------------------------------------------------------------------------
DATA16_AN
  Relative segment, address: 01C2 - 01C3 (0x2 bytes), align: 0
  Segment part 6. ROOT.       Intra module refs:   init_application
           ENTRY                   ADDRESS         REF BY
           =====                   =======         ======
           _A_PMAPCTL_L            01C2 
           LOCAL                   ADDRESS         
           =====                   =======         
           PMAPCTL                 01C2 
           PMAPCTL_H               01C3 
           PMAPCTL_L               01C2 
    -------------------------------------------------------------------------
DATA16_AN
  Relative segment, address: 01C8 - 01C9 (0x2 bytes), align: 0
  Segment part 7. ROOT.       Intra module refs:   init_application
           ENTRY                   ADDRESS         REF BY
           =====                   =======         ======
           _A_P1MAP01_L            01C8 
           LOCAL                   ADDRESS         
           =====                   =======         
           P1MAP01                 01C8 
           P1MAP01_H               01C9 
           P1MAP01_L               01C8 
    -------------------------------------------------------------------------
DATA16_AN
  Relative segment, address: 01D0 - 01D1 (0x2 bytes), align: 0
  Segment part 8. ROOT.       Intra module refs:   init_application
           ENTRY                   ADDRESS         REF BY
           =====                   =======         ======
           _A_P2MAP01_L            01D0 
           LOCAL                   ADDRESS         
           =====                   =======         
           P2MAP01                 01D0 
           P2MAP01_H               01D1 
           P2MAP01_L               01D0 
    -------------------------------------------------------------------------
DATA16_AN
  Relative segment, address: 0120 - 0121 (0x2 bytes), align: 0
  Segment part 9. ROOT.       Intra module refs:   SetVCore (bsp)
                                                   SetVCore (pmm)
                                                   SetVCoreDown (pmm)
                                                   SetVCoreUp (bsp)
                                                   SetVCoreUp (pmm)
                                                   init_application
           ENTRY                   ADDRESS         REF BY
           =====                   =======         ======
           _A_PMMCTL0_L            0120 
           LOCAL                   ADDRESS         
           =====                   =======         
           PMMCTL0                 0120 
           PMMCTL0_H               0121 
           PMMCTL0_L               0120 
    -------------------------------------------------------------------------
DATA16_AN
  Relative segment, address: 0102 - 0103 (0x2 bytes), align: 0
  Segment part 10. ROOT.      Intra module refs:   Bsp_SetClocks (bsp)
                                                   init_application
           ENTRY                   ADDRESS         REF BY
           =====                   =======         ======
           _A_SFRIFG1_L            0102 
           LOCAL                   ADDRESS         
           =====                   =======         
           SFRIFG1                 0102 
           SFRIFG1_H               0103 
           SFRIFG1_L               0102 
    -------------------------------------------------------------------------
DATA16_AN
  Relative segment, address: 0160 - 0161 (0x2 bytes), align: 0
  Segment part 11. ROOT.      Intra module refs:   Bsp_SetClocks (bsp)
                                                   init_application
           ENTRY                   ADDRESS         REF BY
           =====                   =======         ======
           _A_UCSCTL0_L            0160 
           LOCAL                   ADDRESS         
           =====                   =======         
           UCSCTL0                 0160 
           UCSCTL0_H               0161 
           UCSCTL0_L               0160 
    -------------------------------------------------------------------------
DATA16_AN
  Relative segment, address: 0162 - 0163 (0x2 bytes), align: 0
  Segment part 12. ROOT.      Intra module refs:   Bsp_SetClocks (bsp)
                                                   init_application
           ENTRY                   ADDRESS         REF BY
           =====                   =======         ======
           _A_UCSCTL1_L            0162 
           LOCAL                   ADDRESS         
           =====                   =======         
           UCSCTL1                 0162 
           UCSCTL1_H               0163 
           UCSCTL1_L               0162 
    -------------------------------------------------------------------------
DATA16_AN
  Relative segment, address: 0164 - 0165 (0x2 bytes), align: 0
  Segment part 13. ROOT.      Intra module refs:   Bsp_SetClocks (bsp)
                                                   init_application
           ENTRY                   ADDRESS         REF BY
           =====                   =======         ======
           _A_UCSCTL2_L            0164 
           LOCAL                   ADDRESS         
           =====                   =======         
           UCSCTL2                 0164 
           UCSCTL2_H               0165 
           UCSCTL2_L               0164 
    -------------------------------------------------------------------------
DATA16_AN
  Relative segment, address: 0166 - 0167 (0x2 bytes), align: 0
  Segment part 14. ROOT.      Intra module refs:   Bsp_SetClocks (bsp)
                                                   init_application
           ENTRY                   ADDRESS         REF BY
           =====                   =======         ======
           _A_UCSCTL3_L            0166 
           LOCAL                   ADDRESS         
           =====                   =======         
           UCSCTL3                 0166 
           UCSCTL3_H               0167 
           UCSCTL3_L               0166 
    -------------------------------------------------------------------------
DATA16_AN
  Relative segment, address: 0168 - 0169 (0x2 bytes), align: 0
  Segment part 15. ROOT.      Intra module refs:   Bsp_SetClocks (bsp)
                                                   init_application
           ENTRY                   ADDRESS         REF BY
           =====                   =======         ======
           _A_UCSCTL4_L            0168 
           LOCAL                   ADDRESS         
           =====                   =======         
           UCSCTL4                 0168 
           UCSCTL4_H               0169 
           UCSCTL4_L               0168 
    -------------------------------------------------------------------------
DATA16_AN
  Relative segment, address: 016C - 016D (0x2 bytes), align: 0
  Segment part 16. ROOT.      Intra module refs:   init_application
           ENTRY                   ADDRESS         REF BY
           =====                   =======         ======
           _A_UCSCTL6_L            016C 
           LOCAL                   ADDRESS         
           =====                   =======         
           UCSCTL6                 016C 
           UCSCTL6_H               016D 
[...]
  LIBRARY MODULE, NAME : _CmpLt32f

  SEGMENTS IN THE MODULE
  ======================
<CODE> 1 (was CODE)
  Relative segment, address: F43C - F445 (0xa bytes), align: 1
  Segment part 0.
           ENTRY                   ADDRESS         REF BY
           =====                   =======         ======
           _CmpLt32f               F43C            conv_pa_to_meter (vti_ps)
                                                   update_pressure_table (vti_ps)

    -------------------------------------------------------------------------
  LIBRARY MODULE, NAME : _Div32f

  SEGMENTS IN THE MODULE
  ======================
<CODE> 1 (was CODE)
  Relative segment, address: A526 - A655 (0x130 bytes), align: 1
  Segment part 0.
           ENTRY                   ADDRESS         REF BY
           =====                   =======         ======
           _Div32f                 A526            ?Subroutine16 (altitude)
                                                   ?Subroutine3 (vti_ps)
                                                   ?Subroutine4 (vti_ps)
                                                   Segment part 13 (vti_ps)
                                                   conv_pa_to_meter (vti_ps)
                                                   update_pressure_table (vti_ps)

    -------------------------------------------------------------------------
  LIBRARY MODULE, NAME : _Add32f

  SEGMENTS IN THE MODULE
  ======================
<CODE> 1 (was CODE)
  Relative segment, address: 9EB2 - A013 (0x162 bytes), align: 1
  Segment part 0.
           ENTRY                   ADDRESS         REF BY
           =====                   =======         ======
           _Add32f                 9EB6            ?Subroutine1 (altitude)
                                                   ?Subroutine1 (vti_ps)
                                                   Segment part 28 (altitude)
                                                   conv_pa_to_meter (vti_ps)
                                                   display_acceleration (acceleration)
                                                   update_pressure_table (vti_ps)
           _Sub32f                 9EB2            ?Subroutine22 (vti_ps)
                                                   ?Subroutine9 (vti_ps)
                                                   conv_pa_to_meter (vti_ps)
                                                   update_pressure_table (vti_ps)

    -------------------------------------------------------------------------
  LIBRARY MODULE, NAME : ?DivMod816u

  SEGMENTS IN THE MODULE
  ======================
<CODE> 1 (was CODE)
  Relative segment, address: EB7C - EB97 (0x1c bytes), align: 1
  Segment part 0.
           ENTRY                   ADDRESS         REF BY
           =====                   =======         ======
           ?DivMod8u               EB7C 
           ?DivMod16u              EB80            Segment part 0 (?DivMod816s)
                                                   battery_measurement (battery)
                                                   display_acceleration (acceleration)
                                                   get_dow (date)
                                                   get_numberOfDays (date)

    -------------------------------------------------------------------------
  LIBRARY MODULE, NAME : ?DivMod816s

  SEGMENTS IN THE MODULE
  ======================
<CODE> 1 (was CODE)
  Relative segment, address: DF7A - DFAD (0x34 bytes), align: 1
  Segment part 0.
           ENTRY                   ADDRESS         REF BY
           =====                   =======         ======
           ?DivMod8s               DF7A 
           ?DivMod16s              DF7E            Mrfi_CalculateRssi (mrfi)
                                                   convert_C_to_F (temperature)
                                                   convert_F_to_C (temperature)
                                                   get_dow (date)

    -------------------------------------------------------------------------
  LIBRARY MODULE, NAME : ?DivMod32u

  SEGMENTS IN THE MODULE
  ======================
<CODE> 1 (was CODE)
  Relative segment, address: DDFA - DE31 (0x38 bytes), align: 1
  Segment part 0.
           ENTRY                   ADDRESS         REF BY
           =====                   =======         ======
           ?DivMod32u              DDFA            ?DivMod32s (?DivMod32s)
                                                   ?Subroutine0 (display)

    -------------------------------------------------------------------------
  LIBRARY MODULE, NAME : ?DivMod32s

  SEGMENTS IN THE MODULE
  ======================
<CODE> 1 (was CODE)
  Relative segment, address: D91C - D95B (0x40 bytes), align: 1
  Segment part 0.
           ENTRY                   ADDRESS         REF BY
           =====                   =======         ======
           ?DivMod32s              D91C            ?Subroutine0 (altitude)
                                                   button_repeat_on (ports)
                                                   set_value (user)
                                                   temperature_measurement (temperature)

    -------------------------------------------------------------------------
  LIBRARY MODULE, NAME : ?OneBitMask32

  SEGMENTS IN THE MODULE
  ======================
<CODE> 1 (was CODE)
  Relative segment, address: E750 - E771 (0x22 bytes), align: 1
  Segment part 0.
           ENTRY                   ADDRESS         REF BY
           =====                   =======         ======
           ?OneBitMask32           E750            convert_acceleration_value_to_mgrav (acceleration)

    -------------------------------------------------------------------------
  LIBRARY MODULE, NAME : ?ShiftRight32u

  SEGMENTS IN THE MODULE
  ======================
<CODE> 1 (was CODE)
  Relative segment, address: CEA0 - CEDF (0x40 bytes), align: 1
  Segment part 0.
           ENTRY                   ADDRESS         REF BY
           =====                   =======         ======
           ?ShiftRight32u          CEA0            convert_acceleration_value_to_mgrav (acceleration)
    -------------------------------------------------------------------------
<CODE> 1 (was CODE)
  Relative segment, address: CEE0 - CEE3 (0x4 bytes), align: 1
  Segment part 1.             Intra module refs:   ?ShiftRight32u
           ENTRY                   ADDRESS         REF BY
           =====                   =======         ======
           ?ShiftRight32u_7        CEE0 
    -------------------------------------------------------------------------
<CODE> 1 (was CODE)
  Relative segment, address: CEE4 - CEE7 (0x4 bytes), align: 1
  Segment part 2.             Intra module refs:   ?ShiftRight32u_7
           ENTRY                   ADDRESS         REF BY
           =====                   =======         ======
           ?ShiftRight32u_6        CEE4 
    -------------------------------------------------------------------------
<CODE> 1 (was CODE)
  Relative segment, address: CEE8 - CEEB (0x4 bytes), align: 1
  Segment part 3.             Intra module refs:   ?ShiftRight32u_6
           ENTRY                   ADDRESS         REF BY
           =====                   =======         ======
           ?ShiftRight32u_5        CEE8 
    -------------------------------------------------------------------------
<CODE> 1 (was CODE)
  Relative segment, address: CEEC - CEEF (0x4 bytes), align: 1
  Segment part 4.             Intra module refs:   ?ShiftRight32u_5
           ENTRY                   ADDRESS         REF BY
           =====                   =======         ======
           ?ShiftRight32u_4        CEEC 
    -------------------------------------------------------------------------
<CODE> 1 (was CODE)
  Relative segment, address: CEF0 - CEF3 (0x4 bytes), align: 1
  Segment part 5.             Intra module refs:   ?ShiftRight32u_4
           ENTRY                   ADDRESS         REF BY
           =====                   =======         ======
           ?ShiftRight32u_3        CEF0 
    -------------------------------------------------------------------------
<CODE> 1 (was CODE)
  Relative segment, address: CEF4 - CEFD (0xa bytes), align: 1
  Segment part 6.             Intra module refs:   ?ShiftRight32u_3
           ENTRY                   ADDRESS         REF BY
           =====                   =======         ======
           ?ShiftRight32u_2        CEF4 

    -------------------------------------------------------------------------
  LIBRARY MODULE, NAME : ?memcmp

  SEGMENTS IN THE MODULE
  ======================
<CODE> 1 (was CODE)
  Relative segment, address: E8DA - E8F9 (0x20 bytes), align: 1
  Segment part 2.
           ENTRY                   ADDRESS         REF BY
           =====                   =======         ======
           memcmp                  E8DA            Segment part 18 (nwk)
                                                   dispatchFrame (nwk_frame)
                                                   nwk_QfindOldest (nwk_QMgmt)
                                                   nwk_processMgmt (nwk_mgmt)
               CSTACK = 00000000 ( 00000004 )

    -------------------------------------------------------------------------
  LIBRARY MODULE, NAME : ?memcpy

  SEGMENTS IN THE MODULE
  ======================
<CODE> 1 (was CODE)
  Relative segment, address: EF38 - EF49 (0x12 bytes), align: 1
  Segment part 2.
           ENTRY                   ADDRESS         REF BY
           =====                   =======         ======
           memcpy                  EF38            SMPL_Ioctl (nwk_api)
                                                   SMPL_SendOpt (nwk_api)
                                                   Segment part 14 (nwk_link)
                                                   Segment part 15 (nwk_globals)
                                                   __data16_memcpy (?memzero)
                                                   display_update (main)
                                                   int_to_array (display)
                                                   nwk_buildFrame (nwk_frame)
                                                   nwk_deviceAddress (nwk_ioctl)
                                                   nwk_join (nwk_join)
                                                   nwk_link (nwk_link)
                                                   nwk_nwkInit (nwk)
                                                   nwk_radioControl (nwk_ioctl)
                                                   nwk_rawSend (nwk_ioctl)
                                                   nwk_retrieveFrame (nwk_frame)
                                                   nwk_sendAckReply (nwk_frame)
                                                   nwk_setAPAddress (nwk_globals)
                                                   reset_stopwatch (stopwatch)
                                                   smpl_send_ping_reply (nwk_ping)
                                                   smpl_send_unlink_reply (nwk_link)
               CSTACK = 00000000 ( 00000004 )

    -------------------------------------------------------------------------
  LIBRARY MODULE, NAME : ?memmove

  SEGMENTS IN THE MODULE
  ======================
<CODE> 1 (was CODE)
  Relative segment, address: DFAE - DFE1 (0x34 bytes), align: 1
  Segment part 2.
           ENTRY                   ADDRESS         REF BY
           =====                   =======         ======
           memmove                 DFAE            nwk_getNumObjectFromMsg (nwk)
                                                   nwk_putNumObjectIntoMsg (nwk)
               CSTACK = 00000000 ( 00000006 )

    -------------------------------------------------------------------------
  LIBRARY MODULE, NAME : ?CopyMemoryBytes

  SEGMENTS IN THE MODULE
  ======================
<CODE> 1 (was CODE)
  Relative segment, address: F060 - F06F (0x10 bytes), align: 1
  Segment part 0.
           ENTRY                   ADDRESS         REF BY
           =====                   =======         ======
           ?CopyMemoryBytes        F060            MRFI_Receive (mrfi)
                                                   display_date (date)

    -------------------------------------------------------------------------
  LIBRARY MODULE, NAME : ?memset

  SEGMENTS IN THE MODULE
  ======================
<CODE> 1 (was CODE)
  Relative segment, address: EF02 - EF13 (0x12 bytes), align: 1
  Segment part 2.
           ENTRY                   ADDRESS         REF BY
           =====                   =======         ======
           memset                  EF02            MRFI_Init (mrfi)
                                                   Segment part 64 (mrfi)
                                                   nwk_QInit (nwk_QMgmt)
                                                   nwk_allocateLocalRxPort (nwk)
                                                   nwk_globalsInit (nwk_globals)
                                                   nwk_linkInit (nwk_link)
                                                   nwk_nwkInit (nwk)
               CSTACK = 00000000 ( 00000004 )

    -------------------------------------------------------------------------
  LIBRARY MODULE, NAME : ?memzero

  SEGMENTS IN THE MODULE
  ======================
<CODE> 1 (was CODE)
  Relative segment, address: EE72 - EE83 (0x12 bytes), align: 1
  Segment part 4.
           ENTRY                   ADDRESS         REF BY
           =====                   =======         ======
           __data16_memzero        EE72            ?cstart_init_zero (?cstart)
               CSTACK = 00000000 ( 00000004 )
    -------------------------------------------------------------------------
<CODE> 1 (was CODE)
  Relative segment, address: F5B8 - F5BB (0x4 bytes), align: 1
  Segment part 3.
           ENTRY                   ADDRESS         REF BY
           =====                   =======         ======
           __data16_memcpy         F5B8            ?cstart_init_copy (?cstart)
               calls direct
               CSTACK = 00000000 ( 00000004 )

    -------------------------------------------------------------------------
  LIBRARY MODULE, NAME : ?IndCallR9

  SEGMENTS IN THE MODULE
  ======================
<CODE> 1 (was CODE)
  Relative segment, address: F5B0 - F5B3 (0x4 bytes), align: 1
  Segment part 0.
           ENTRY                   ADDRESS         REF BY
           =====                   =======         ======
           ?IndCallR9              F5B0            set_value (user)

    -------------------------------------------------------------------------
  LIBRARY MODULE, NAME : ?IndCallR15

  SEGMENTS IN THE MODULE
  ======================
<CODE> 1 (was CODE)
  Relative segment, address: F5D0 - F5D3 (0x4 bytes), align: 1
  Segment part 0.
           ENTRY                   ADDRESS         REF BY
           =====                   =======         ======
           ?IndCallR15             F5D0            ?Subroutine0 (main)
                                                   dispatchFrame (nwk_frame)
                                                   wakeup_event (main)




                ****************************************
                *                                      *
                *      SEGMENTS IN ADDRESS ORDER       *
                *                                      *
                ****************************************


SEGMENT              SPACE    START ADDRESS   END ADDRESS     SIZE  TYPE  ALIGN
=======              =====    =============   ===========     ====  ====  =====
DATA16_AN                              0102 - 0103               2   rel    0
                                       0120 - 0121               2 
                                       0124 - 0127               4 
                                       012C - 012D               2 
                                       015C - 015D               2 
                                       0160 - 0169               A 
                                       016C - 016F               4 
                                       01B0 - 01B1               2 
                                       01C0 - 01C3               4 
                                       01C8 - 01C9               2 
                                       01D0 - 01D1               2 
                                       0200 - 0207               8 
                                       020A - 020B               2 
                                       0218 - 021D               6 
                                       0222 - 0225               4 
                                       0244 - 0245               2 
                                       024A - 024B               2 
                                       0320 - 0325               6 
                                       0340 - 034B               C 
                                       0350 - 035B               C 
                                       036E - 036F               2 
                                       0380 - 0383               4 
                                       0390 - 0393               4 
                                       05C0 - 05C1               2 
                                       05C6 - 05C7               2 
                                       05CC - 05CC               1 
                                       05CE - 05CE               1 
                                       05DC - 05DD               2 
                                       0700 - 0703               4 
                                       070C - 0710               5 
                                       0720 - 0721               2 
                                       0A00 - 0A01               2 
                                       0A04 - 0A0D               A 
                                       0F02 - 0F03               2 
                                       0F06 - 0F07               2 
                                       0F0C - 0F13               8 
                                       0F20 - 0F23               4 
                                       0F30 - 0F39               A 
DATA16_I                               1C00 - 1C76              77   rel    1
DATA16_Z                               1C78 - 1ED5             25E   rel    1
CSTACK                                 2BAE - 2BFD              50   rel    1
DATA16_C                               8000 - 85F6             5F7   rel    1
DATA16_ID                              85F8 - 866E              77   rel    1
CSTART                                 8670 - 869F              30   rel    1
ISR_CODE                               86A0 - 8BCD             52E   rel    1
<CODE> 1                               8BCE - F5DB            6A0E   rel    1
INTVEC                                 FF80 - FFF1              72   com    1
RESET                                  FFFE - FFFF               2   rel    1

                ****************************************
                *                                      *
                *        END OF CROSS REFERENCE        *
                *                                      *
                ****************************************

 28 640 bytes of CODE  memory
    805 bytes of DATA  memory (+ 157 absolute )
  1 646 bytes of CONST memory

Errors: none
Warnings: none

