################################################################################
#                                                                              #
#      IAR Universal Linker V5.2.1.11                                          #
#                                                                              #
#           Link time     =  17/Aug/2011  12:27:44                             #
#           Target CPU    =  MSP430                                            #
#           List file     =  "D:\Projects\cronosTI\v2\Sports Watch\915MHz - Un #
#                            restricted IAR Workbench (USA)\List\ez430_chronos #
#                            _915MHz.map"                                      #
#           Output file 1 =  "D:\Projects\cronosTI\v2\Sports Watch\ez430_chron #
#                            os_915Mhz.txt"                                    #
#                            Format: msp430_txt                                #
#           Output file 2 =  "D:\Projects\cronosTI\v2\Sports Watch\915MHz - Un #
#                            restricted IAR Workbench (USA)\Exe\ez430_chronos_ #
#                            915MHz.d43"                                       #
#                            Format: debug                                     #
#                            UBROF version 10.0.6                              #
#                            Using library modules for C-SPY (-rt)             #
#           Command line  =  "-Omsp430_txt=D:\Projects\cronosTI\v2\Sports Watc #
#                            h\ez430_chronos_915Mhz.txt"                       #
#                            "D:\Projects\cronosTI\v2\Sports Watch\915MHz - Un #
#                            restricted IAR Workbench (USA)\Obj\acceleration.r #
#                            43"                                               #
#                            "D:\Projects\cronosTI\v2\Sports Watch\915MHz - Un #
#                            restricted IAR Workbench (USA)\Obj\adc12.r43"     #
#                            "D:\Projects\cronosTI\v2\Sports Watch\915MHz - Un #
#                            restricted IAR Workbench (USA)\Obj\alarm.r43"     #
#                            "D:\Projects\cronosTI\v2\Sports Watch\915MHz - Un #
#                            restricted IAR Workbench (USA)\Obj\altitude.r43"  #
#                            "D:\Projects\cronosTI\v2\Sports Watch\915MHz - Un #
#                            restricted IAR Workbench (USA)\Obj\battery.r43"   #
#                            "D:\Projects\cronosTI\v2\Sports Watch\915MHz - Un #
#                            restricted IAR Workbench (USA)\Obj\bluerobin.r43" #
#                            "D:\Projects\cronosTI\v2\Sports Watch\915MHz - Un #
#                            restricted IAR Workbench (USA)\Obj\bsp.r43"       #
#                            "D:\Projects\cronosTI\v2\Sports Watch\915MHz - Un #
#                            restricted IAR Workbench (USA)\Obj\buzzer.r43"    #
#                            "D:\Projects\cronosTI\v2\Sports Watch\915MHz - Un #
#                            restricted IAR Workbench (USA)\Obj\clock.r43"     #
#                            "D:\Projects\cronosTI\v2\Sports Watch\915MHz - Un #
#                            restricted IAR Workbench (USA)\Obj\date.r43"      #
#                            "D:\Projects\cronosTI\v2\Sports Watch\915MHz - Un #
#                            restricted IAR Workbench (USA)\Obj\display.r43"   #
#                            "D:\Projects\cronosTI\v2\Sports Watch\915MHz - Un #
#                            restricted IAR Workbench (USA)\Obj\main.r43"      #
#                            "D:\Projects\cronosTI\v2\Sports Watch\915MHz - Un #
#                            restricted IAR Workbench (USA)\Obj\main_ED_BM.r43 #
#                            "                                                 #
#                            "D:\Projects\cronosTI\v2\Sports Watch\915MHz - Un #
#                            restricted IAR Workbench (USA)\Obj\menu.r43"      #
#                            "D:\Projects\cronosTI\v2\Sports Watch\915MHz - Un #
#                            restricted IAR Workbench (USA)\Obj\mrfi.r43"      #
#                            "D:\Projects\cronosTI\v2\Sports Watch\915MHz - Un #
#                            restricted IAR Workbench (USA)\Obj\nwk.r43"       #
#                            "D:\Projects\cronosTI\v2\Sports Watch\915MHz - Un #
#                            restricted IAR Workbench (USA)\Obj\nwk_QMgmt.r43" #
#                            "D:\Projects\cronosTI\v2\Sports Watch\915MHz - Un #
#                            restricted IAR Workbench (USA)\Obj\nwk_api.r43"   #
#                            "D:\Projects\cronosTI\v2\Sports Watch\915MHz - Un #
#                            restricted IAR Workbench (USA)\Obj\nwk_frame.r43" #
#                            "D:\Projects\cronosTI\v2\Sports Watch\915MHz - Un #
#                            restricted IAR Workbench (USA)\Obj\nwk_freq.r43"  #
#                            "D:\Projects\cronosTI\v2\Sports Watch\915MHz - Un #
#                            restricted IAR Workbench (USA)\Obj\nwk_globals.r4 #
#                            3"                                                #
#                            "D:\Projects\cronosTI\v2\Sports Watch\915MHz - Un #
#                            restricted IAR Workbench (USA)\Obj\nwk_ioctl.r43" #
#                            "D:\Projects\cronosTI\v2\Sports Watch\915MHz - Un #
#                            restricted IAR Workbench (USA)\Obj\nwk_join.r43"  #
#                            "D:\Projects\cronosTI\v2\Sports Watch\915MHz - Un #
#                            restricted IAR Workbench (USA)\Obj\nwk_link.r43"  #
#                            "D:\Projects\cronosTI\v2\Sports Watch\915MHz - Un #
#                            restricted IAR Workbench (USA)\Obj\nwk_mgmt.r43"  #
#                            "D:\Projects\cronosTI\v2\Sports Watch\915MHz - Un #
#                            restricted IAR Workbench (USA)\Obj\nwk_ping.r43"  #
#                            "D:\Projects\cronosTI\v2\Sports Watch\915MHz - Un #
#                            restricted IAR Workbench (USA)\Obj\nwk_security.r #
#                            43"                                               #
#                            "D:\Projects\cronosTI\v2\Sports Watch\915MHz - Un #
#                            restricted IAR Workbench (USA)\Obj\pmm.r43"       #
#                            "D:\Projects\cronosTI\v2\Sports Watch\915MHz - Un #
#                            restricted IAR Workbench (USA)\Obj\ports.r43"     #
#                            "D:\Projects\cronosTI\v2\Sports Watch\915MHz - Un #
#                            restricted IAR Workbench (USA)\Obj\radio.r43"     #
#                            "D:\Projects\cronosTI\v2\Sports Watch\915MHz - Un #
#                            restricted IAR Workbench (USA)\Obj\rf1a.r43"      #
#                            "D:\Projects\cronosTI\v2\Sports Watch\915MHz - Un #
#                            restricted IAR Workbench (USA)\Obj\rfbsl.r43"     #
#                            "D:\Projects\cronosTI\v2\Sports Watch\915MHz - Un #
#                            restricted IAR Workbench (USA)\Obj\rfsimpliciti.r #
#                            43"                                               #
#                            "D:\Projects\cronosTI\v2\Sports Watch\915MHz - Un #
#                            restricted IAR Workbench (USA)\Obj\stopwatch.r43" #
#                            "D:\Projects\cronosTI\v2\Sports Watch\915MHz - Un #
#                            restricted IAR Workbench (USA)\Obj\temperature.r4 #
#                            3"                                                #
#                            "D:\Projects\cronosTI\v2\Sports Watch\915MHz - Un #
#                            restricted IAR Workbench (USA)\Obj\test.r43"      #
#                            "D:\Projects\cronosTI\v2\Sports Watch\915MHz - Un #
#                            restricted IAR Workbench (USA)\Obj\timer.r43"     #
#                            "D:\Projects\cronosTI\v2\Sports Watch\915MHz - Un #
#                            restricted IAR Workbench (USA)\Obj\user.r43"      #
#                            "D:\Projects\cronosTI\v2\Sports Watch\915MHz - Un #
#                            restricted IAR Workbench (USA)\Obj\vti_as.r43"    #
#                            "D:\Projects\cronosTI\v2\Sports Watch\915MHz - Un #
#                            restricted IAR Workbench (USA)\Obj\vti_ps.r43"    #
#                            "D:\Projects\cronosTI\v2\Sports Watch\bluerobin\B #
#                            lueRobin_RX_915MHz.r43"                           #
#                            -o                                                #
#                            "D:\Projects\cronosTI\v2\Sports Watch\915MHz - Un #
#                            restricted IAR Workbench (USA)\Exe\ez430_chronos_ #
#                            915MHz.d43"                                       #
#                            -l                                                #
#                            "D:\Projects\cronosTI\v2\Sports Watch\915MHz - Un #
#                            restricted IAR Workbench (USA)\List\ez430_chronos #
#                            _915MHz.map"                                      #
#                            -xmsn                                             #
#                            "-IC:\Program Files\IAR Systems\Embedded Workbenc #
#                            h 6.0 Evaluation\430\LIB\"                        #
#                            -f                                                #
#                            "C:\Program Files\IAR Systems\Embedded Workbench  #
#                            6.0 Evaluation\430\CONFIG\lnkCC430F6137.xcl"      #
#                            (-cmsp430 -D?CPU30_OFFSET=2 -QCODE_I=CODE_ID      #
#                            -Z(DATA)DATA16_I,DATA16_Z,DATA16_N,DATA16_HEAP+_D #
#                            ATA16_HEAP_SIZE=1C00-2BFD                         #
#                            -Z(DATA)CODE_I -Z(DATA)CSTACK+_STACK_SIZE#        #
#                            -Z(CONST)INFO=1800-19FF                           #
#                            -Z(CONST)INFOA=1980-19FF                          #
#                            -Z(CONST)INFOB=1900-197F                          #
#                            -Z(CONST)INFOC=1880-18FF                          #
#                            -Z(CONST)INFOD=1800-187F                          #
#                            -Z(CONST)DATA16_C,DATA16_ID,DIFUNCT,CHECKSUM=8000 #
#                            -FF7F                                             #
#                            -Z(CODE)CSTART,ISR_CODE,CODE_ID=8000-FF7F         #
#                            -P(CODE)CODE=8000-FF7F -Z(CODE)INTVEC=FF80-FFFF   #
#                            -Z(CODE)RESET=FFFE-FFFF) -f                       #
#                            "C:\Program Files\IAR Systems\Embedded Workbench  #
#                            6.0 Evaluation\430\config\multiplier32_loc2.xcl"  #
#                            (-e?Mul8HwLoc2=?Mul8 -e?Mul16HwLoc2=?Mul16        #
#                            -e?Mul16to32uHwLoc2=?Mul16to32u                   #
#                            -e?Mul16to32sHwLoc2=?Mul16to32s                   #
#                            -e?Mul32Hw32Loc2=?Mul32                           #
#                            -e?Mul64Hw32Loc2=_Mul64i                          #
#                            -e?Mul32u32uto64iHw32Loc2=_Mul32u32uto64i         #
#                            -e?Mul32fHwLoc2=_Mul32f                           #
#                            -e_Mul64fHwPtrLoc2=_Mul64fPtr) -D_STACK_SIZE=50   #
#                            -rt                                               #
#                            "C:\Program Files\IAR Systems\Embedded Workbench  #
#                            6.0 Evaluation\430\LIB\DLIB\dl430xsfn.r43"        #
#                            -e_PrintfLarge=_Printf -e_ScanfLarge=_Scanf       #
#                            -D_DATA16_HEAP_SIZE=50 -s __program_start         #
#                            -D_DATA20_HEAP_SIZE=50                            #
#                                                                              #
#                           Copyright (C) 1987-2011 IAR Systems AB.            #
################################################################################





                ****************************************
                *                                      *
                *           CROSS REFERENCE            *
                *                                      *
                ****************************************

       Program entry at :           8670  Relocatable, from module : ?cstart




                ****************************************
                *                                      *
                *            RUNTIME MODEL             *
                *                                      *
                ****************************************

  __Heap_Handler             = Basic
  __SystemLibrary            = DLib
  __core                     = 430X
  __data_model               = small
  __dlib_file_descriptor     = 0
  __dlib_full_locale_support = 0
  __double_size              = 32
  __pic                      = no
  __reg_r4                   = free
  __reg_r5                   = free
  __rt_version               = 3

                ****************************************
                *                                      *
                *    AUTOMATIC SYMBOL REDIRECTIONS     *
                *                                      *
                ****************************************




                ****************************************
                *                                      *
                *              MODULE MAP              *
                *                                      *
                ****************************************


  DEFINED ABSOLUTE ENTRIES
    *************************************************************************

  DEFINED ABSOLUTE ENTRIES
  PROGRAM MODULE, NAME : ?ABS_ENTRY_MOD

Absolute parts
           ENTRY                   ADDRESS         REF BY
           =====                   =======         ======
           _DATA20_HEAP_SIZE       0050 
           _DATA16_HEAP_SIZE       0050 
           _STACK_SIZE             0050 
           ?CPU30_OFFSET           0002 
    *************************************************************************

  FILE NAME : D:\Projects\cronosTI\v2\Sports Watch\915MHz - Unrestricted IAR Workbench (USA)\Obj\acceleration.r43
  PROGRAM MODULE, NAME : acceleration

  SEGMENTS IN THE MODULE
  ======================
DATA16_Z
  Relative segment, address: 1C78 - 1C81 (0xa bytes), align: 1
  Segment part 3.             Intra module refs:   display_acceleration
                                                   do_acceleration_measurement
                                                   is_acceleration_measurement
                                                   reset_acceleration
                                                   sx_acceleration
           ENTRY                   ADDRESS         REF BY
           =====                   =======         ======
           sAccel                  1C78            TIMER0_A0_ISR (timer)
                                                   simpliciti_get_ed_data_callback (rfsimpliciti)
                                                   test_mode (test)
    -------------------------------------------------------------------------
DATA16_C
  Relative segment, address: 8144 - 8147 (0x4 bytes), align: 0
  Segment part 2.             Intra module refs:   display_acceleration
    -------------------------------------------------------------------------
DATA16_C
  Relative segment, address: 8000 - 800D (0xe bytes), align: 1
  Segment part 4.             Intra module refs:   convert_acceleration_value_to_mgrav
           ENTRY                   ADDRESS         REF BY
           =====                   =======         ======
           mgrav_per_bit           8000 
    -------------------------------------------------------------------------
<CODE> 1 (was CODE)
  Relative segment, address: F254 - F261 (0xe bytes), align: 1
  Segment part 11.
           ENTRY                   ADDRESS         REF BY
           =====                   =======         ======
           reset_acceleration      F254            init_global_variables (main)
               CSTACK = 00000000 ( 00000004 )
    -------------------------------------------------------------------------
<CODE> 1 (was CODE)
  Relative segment, address: E970 - E98D (0x1e bytes), align: 1
  Segment part 10.
           ENTRY                   ADDRESS         REF BY
           =====                   =======         ======
           sx_acceleration         E970            menu_L1_Acceleration (menu)
               calls direct
               CSTACK = 00000000 ( 00000004 )
    -------------------------------------------------------------------------
<CODE> 1 (was CODE)
  Relative segment, address: D6B8 - D701 (0x4a bytes), align: 1
  Segment part 6.             Intra module refs:   display_acceleration
           ENTRY                   ADDRESS         REF BY
           =====                   =======         ======
           convert_acceleration_value_to_mgrav
                                   D6B8 
               CSTACK = 00000000 ( 00000012 )
    -------------------------------------------------------------------------
<CODE> 1 (was CODE)
  Relative segment, address: ECB0 - ECC7 (0x18 bytes), align: 1
  Segment part 7.             Intra module refs:   display_acceleration
           ENTRY                   ADDRESS         REF BY
           =====                   =======         ======
           is_acceleration_measurement
                                   ECB0            TIMER0_A0_ISR (timer)
               CSTACK = 00000000 ( 00000004 )
    -------------------------------------------------------------------------
<CODE> 1 (was CODE)
  Relative segment, address: F088 - F097 (0x10 bytes), align: 1
  Segment part 9.
           ENTRY                   ADDRESS         REF BY
           =====                   =======         ======
           do_acceleration_measurement
                                   F088            process_requests (main)
               calls direct
               CSTACK = 00000000 ( 00000004 )
    -------------------------------------------------------------------------
<CODE> 1 (was CODE)
  Relative segment, address: A9E8 - AB0F (0x128 bytes), align: 1
  Segment part 8.
           ENTRY                   ADDRESS         REF BY
           =====                   =======         ======
           display_acceleration    A9E8            menu_L1_Acceleration (menu)
               calls direct
               CSTACK = 00000000 ( 00000010 )

    *************************************************************************

  FILE NAME : D:\Projects\cronosTI\v2\Sports Watch\915MHz - Unrestricted IAR Workbench (USA)\Obj\adc12.r43
  PROGRAM MODULE, NAME : adc12

  SEGMENTS IN THE MODULE
  ======================
DATA16_AN
  Relative segment, address: 0700 - 0701 (0x2 bytes), align: 0
  Segment part 1. ROOT.       Intra module refs:   adc12_single_conversion
           ENTRY                   ADDRESS         REF BY
           =====                   =======         ======
           _A_ADC12CTL0_L          0700 
           LOCAL                   ADDRESS         
           =====                   =======         
           ADC12CTL0               0700 
           ADC12CTL0_H             0701 
           ADC12CTL0_L             0700 
    -------------------------------------------------------------------------
DATA16_AN
  Relative segment, address: 0702 - 0703 (0x2 bytes), align: 0
  Segment part 2. ROOT.       Intra module refs:   adc12_single_conversion
           ENTRY                   ADDRESS         REF BY
           =====                   =======         ======
           _A_ADC12CTL1_L          0702 
           LOCAL                   ADDRESS         
           =====                   =======         
           ADC12CTL1               0702 
           ADC12CTL1_H             0703 
           ADC12CTL1_L             0702 
    -------------------------------------------------------------------------
DATA16_AN
  Relative segment, address: 070C - 070D (0x2 bytes), align: 0
  Segment part 3. ROOT.       Intra module refs:   adc12_single_conversion
           ENTRY                   ADDRESS         REF BY
           =====                   =======         ======
           _A_ADC12IE_L            070C 
           LOCAL                   ADDRESS         
           =====                   =======         
           ADC12IE                 070C 
           ADC12IE_H               070D 
           ADC12IE_L               070C 
    -------------------------------------------------------------------------
DATA16_AN
  Relative segment, address: 070E - 070F (0x2 bytes), align: 0
  Segment part 4. ROOT.       Intra module refs:   ADC12ISR
           ENTRY                   ADDRESS         REF BY
           =====                   =======         ======
           _A_ADC12IV_L            070E 
           LOCAL                   ADDRESS         
           =====                   =======         
           ADC12IV                 070E 
           ADC12IV_H               070F 
           ADC12IV_L               070E 
    -------------------------------------------------------------------------
DATA16_AN
  Relative segment, address: 0720 - 0721 (0x2 bytes), align: 0
  Segment part 5. ROOT.       Intra module refs:   ADC12ISR
           ENTRY                   ADDRESS         REF BY
           =====                   =======         ======
           _A_ADC12MEM0_L          0720 
           LOCAL                   ADDRESS         
           =====                   =======         
           ADC12MEM0               0720 
           ADC12MEM0_H             0721 
           ADC12MEM0_L             0720 
    -------------------------------------------------------------------------
DATA16_AN
  Relative segment, address: 0710 - 0710 (0x1 bytes), align: 0
  Segment part 6. ROOT.       Intra module refs:   adc12_single_conversion
           ENTRY                   ADDRESS         REF BY
           =====                   =======         ======
           ADC12MCTL0              0710 
    -------------------------------------------------------------------------
DATA16_AN
  Relative segment, address: 01B0 - 01B1 (0x2 bytes), align: 0
  Segment part 7. ROOT.       Intra module refs:   adc12_single_conversion
           ENTRY                   ADDRESS         REF BY
           =====                   =======         ======
           _A_REFCTL0_L            01B0 
           LOCAL                   ADDRESS         
           =====                   =======         
           REFCTL0                 01B0 
           REFCTL0_H               01B1 
           REFCTL0_L               01B0 
    -------------------------------------------------------------------------
DATA16_Z
  Relative segment, address: 1C82 - 1C83 (0x2 bytes), align: 1
  Segment part 10.            Intra module refs:   ADC12ISR
                                                   adc12_single_conversion
           ENTRY                   ADDRESS         REF BY
           =====                   =======         ======
           adc12_result            1C82 
    -------------------------------------------------------------------------
DATA16_Z
  Relative segment, address: 1DB6 - 1DB6 (0x1 bytes), align: 0
  Segment part 11.            Intra module refs:   ADC12ISR
                                                   adc12_single_conversion
           ENTRY                   ADDRESS         REF BY
           =====                   =======         ======
           adc12_data_ready        1DB6 
    -------------------------------------------------------------------------
<CODE> 1 (was CODE)
  Relative segment, address: CBF4 - CC5B (0x68 bytes), align: 1
  Segment part 13.
           ENTRY                   ADDRESS         REF BY
           =====                   =======         ======
           adc12_single_conversion
                                   CBF4            battery_measurement (battery)
                                                   temperature_measurement (temperature)
               calls direct
               CSTACK = 00000000 ( 00000008 )
    -------------------------------------------------------------------------
ISR_CODE
  Relative segment, address: 86A0 - 86BF (0x20 bytes), align: 1
  Segment part 12.            Intra module refs:   ADC12ISR::??INTVEC 112
           ENTRY                   ADDRESS         REF BY
           =====                   =======         ======
           ADC12ISR                86A0 
               interrupt function
               CSTACK = 00000000 ( 00000006 )
    -------------------------------------------------------------------------
INTVEC
  Common segment, address: FF80 - FFF1 (0x72 bytes), align: 1
  Segment part 8. ROOT.
           ENTRY                   ADDRESS         REF BY
           =====                   =======         ======
           ADC12ISR::??INTVEC 112
                                   FFF0 

    *************************************************************************

  FILE NAME : D:\Projects\cronosTI\v2\Sports Watch\915MHz - Unrestricted IAR Workbench (USA)\Obj\alarm.r43
  PROGRAM MODULE, NAME : alarm

  SEGMENTS IN THE MODULE
  ======================
DATA16_Z
  Relative segment, address: 1DB7 - 1DBA (0x4 bytes), align: 0
  Segment part 2.             Intra module refs:   check_alarm
                                                   display_alarm
                                                   mx_alarm
                                                   reset_alarm
                                                   stop_alarm
                                                   sx_alarm
           ENTRY                   ADDRESS         REF BY
           =====                   =======         ======
           sAlarm                  1DB7            PORT2_ISR (ports)
                                                   TIMER0_A0_ISR (timer)
                                                   simpliciti_sync_decode_ap_cmd_callback (rfsimpliciti)
                                                   simpliciti_sync_get_data_callback (rfsimpliciti)
    -------------------------------------------------------------------------
<CODE> 1 (was CODE)
  Relative segment, address: EC98 - ECAF (0x18 bytes), align: 1
  Segment part 10.
           ENTRY                   ADDRESS         REF BY
           =====                   =======         ======
           reset_alarm             EC98            init_global_variables (main)
               CSTACK = 00000000 ( 00000004 )
    -------------------------------------------------------------------------
<CODE> 1 (was CODE)
  Relative segment, address: EB7C - EB97 (0x1c bytes), align: 1
  Segment part 9.
           ENTRY                   ADDRESS         REF BY
           =====                   =======         ======
           check_alarm             EB7C            TIMER0_A0_ISR (timer)
               CSTACK = 00000000 ( 00000004 )
    -------------------------------------------------------------------------
<CODE> 1 (was CODE)
  Relative segment, address: F55C - F563 (0x8 bytes), align: 1
  Segment part 8.
           ENTRY                   ADDRESS         REF BY
           =====                   =======         ======
           stop_alarm              F55C            PORT2_ISR (ports)
                                                   TIMER0_A0_ISR (timer)
               calls direct
               CSTACK = 00000000 ( 00000004 )
    -------------------------------------------------------------------------
<CODE> 1 (was CODE)
  Relative segment, address: E048 - E079 (0x32 bytes), align: 1
  Segment part 7.
           ENTRY                   ADDRESS         REF BY
           =====                   =======         ======
           sx_alarm                E048            menu_L1_Alarm (menu)
               CSTACK = 00000000 ( 00000004 )
    -------------------------------------------------------------------------
<CODE> 1 (was CODE)
  Relative segment, address: AF68 - B057 (0xf0 bytes), align: 1
  Segment part 6.
           ENTRY                   ADDRESS         REF BY
           =====                   =======         ======
           mx_alarm                AF68            menu_L1_Alarm (menu)
               calls direct
               CSTACK = 00000000 ( 0000001A )
    -------------------------------------------------------------------------
<CODE> 1 (was CODE)
  Relative segment, address: C330 - C3C1 (0x92 bytes), align: 1
  Segment part 3.
           ENTRY                   ADDRESS         REF BY
           =====                   =======         ======
           display_alarm           C330            menu_L1_Alarm (menu)
               calls direct
               CSTACK = 00000000 ( 00000008 )
    -------------------------------------------------------------------------
<CODE> 1 (was CODE)
  Relative segment, address: E9AC - E9BB (0x10 bytes), align: 1
  Segment part 4.             Intra module refs:   display_alarm
           LOCAL                   ADDRESS         
           =====                   =======         
           ?Subroutine0            E9AC 
    -------------------------------------------------------------------------
<CODE> 1 (was CODE)
  Relative segment, address: E9BC - E9C9 (0xe bytes), align: 1
  Segment part 5.             Intra module refs:   ?Subroutine0
                                                   display_alarm
           LOCAL                   ADDRESS         
           =====                   =======         
           ?Subroutine1            E9BC 

    *************************************************************************

  FILE NAME : D:\Projects\cronosTI\v2\Sports Watch\915MHz - Unrestricted IAR Workbench (USA)\Obj\altitude.r43
  PROGRAM MODULE, NAME : altitude

  SEGMENTS IN THE MODULE
  ======================
DATA16_AN
  Relative segment, address: 0200 - 0201 (0x2 bytes), align: 0
  Segment part 1. ROOT.       Intra module refs:   PORT2_ISR (ports)
                                                   TIMER0_A0_ISR (timer)
                                                   button_repeat_function (ports)
                                                   do_altitude_measurement
                                                   simpliciti_get_ed_data_callback (rfsimpliciti)
                                                   start_altitude_measurement
                                                   test_mode (test)
                                                   wakeup_event (main)
           ENTRY                   ADDRESS         REF BY
           =====                   =======         ======
           _A_PAIN_L               0200 
           LOCAL                   ADDRESS         
           =====                   =======         
           PAIN                    0200 
           PAIN_H                  0201 
           PAIN_L                  0200 
    -------------------------------------------------------------------------
DATA16_AN
  Relative segment, address: 021A - 021B (0x2 bytes), align: 0
  Segment part 2. ROOT.       Intra module refs:   PORT2_ISR (ports)
                                                   as_start (vti_as)
                                                   as_stop (vti_as)
                                                   init_buttons (ports)
                                                   start_altitude_measurement
                                                   stop_altitude_measurement
                                                   sx_ppt (rfsimpliciti)
                                                   sx_rf (rfsimpliciti)
                                                   sx_sync (rfsimpliciti)
           ENTRY                   ADDRESS         REF BY
           =====                   =======         ======
           _A_PAIE_L               021A 
           LOCAL                   ADDRESS         
           =====                   =======         
           PAIE                    021A 
           PAIE_H                  021B 
           PAIE_L                  021A 
    -------------------------------------------------------------------------
DATA16_AN
  Relative segment, address: 021C - 021D (0x2 bytes), align: 0
  Segment part 3. ROOT.       Intra module refs:   PORT2_ISR (ports)
                                                   as_start (vti_as)
                                                   init_buttons (ports)
                                                   start_altitude_measurement
                                                   start_simpliciti_sync (rfsimpliciti)
                                                   start_simpliciti_tx_only (rfsimpliciti)
                                                   stop_altitude_measurement
           ENTRY                   ADDRESS         REF BY
           =====                   =======         ======
           _A_PAIFG_L              021C 
           LOCAL                   ADDRESS         
           =====                   =======         
           PAIFG                   021C 
           PAIFG_H                 021D 
           PAIFG_L                 021C 
    -------------------------------------------------------------------------
DATA16_Z
  Relative segment, address: 1C84 - 1CA1 (0x1e bytes), align: 1
  Segment part 13.            Intra module refs:   ?Subroutine1
                                                   ?Subroutine12
                                                   ?Subroutine15
                                                   display_altitude
                                                   do_altitude_measurement
                                                   is_altitude_measurement
                                                   mx_altitude
                                                   reset_altitude_measurement
                                                   start_altitude_measurement
                                                   stop_altitude_measurement
                                                   sx_altitude
           ENTRY                   ADDRESS         REF BY
           =====                   =======         ======
           sAlt                    1C84            TIMER0_A0_ISR (timer)
                                                   read_calibration_values (main)
                                                   simpliciti_sync_decode_ap_cmd_callback (rfsimpliciti)
                                                   simpliciti_sync_get_data_callback (rfsimpliciti)
    -------------------------------------------------------------------------
<CODE> 1 (was CODE)
  Relative segment, address: DDFA - DE31 (0x38 bytes), align: 1
  Segment part 44.
           ENTRY                   ADDRESS         REF BY
           =====                   =======         ======
           reset_altitude_measurement
                                   DDFA            init_global_variables (main)
               calls direct
               CSTACK = 00000000 ( 00000004 )
    -------------------------------------------------------------------------
<CODE> 1 (was CODE)
  Relative segment, address: F1BA - F1C7 (0xe bytes), align: 1
  Segment part 45.            Intra module refs:   mx_altitude
                                                   reset_altitude_measurement
           LOCAL                   ADDRESS         
           =====                   =======         
           ?Subroutine12           F1BA 
    -------------------------------------------------------------------------
<CODE> 1 (was CODE)
  Relative segment, address: 8BCE - 8BDF (0x12 bytes), align: 1
  Segment part 15.            Intra module refs:   display_altitude
                                                   mx_altitude
           ENTRY                   ADDRESS         REF BY
           =====                   =======         ======
           convert_m_to_ft         8BCE 
               CSTACK = 00000000 ( 00000004 )
    -------------------------------------------------------------------------
<CODE> 1 (was CODE)
  Relative segment, address: 8BE0 - 8BE5 (0x6 bytes), align: 1
  Segment part 16.            Intra module refs:   convert_ft_to_m
                                                   convert_m_to_ft
           LOCAL                   ADDRESS         
           =====                   =======         
           ?Subroutine0            8BE0 
    -------------------------------------------------------------------------
<CODE> 1 (was CODE)
  Relative segment, address: 8BE6 - 8CC3 (0xde bytes), align: 1
  Segment part 17.            Intra module refs:   start_altitude_measurement
           ENTRY                   ADDRESS         REF BY
           =====                   =======         ======
           do_altitude_measurement
                                   8BE6            process_requests (main)
                                                   test_mode (test)
               calls direct
               CSTACK = 00000000 ( 00000014 )
    -------------------------------------------------------------------------
<CODE> 1 (was CODE)
  Relative segment, address: 8CC4 - 8D27 (0x64 bytes), align: 1
  Segment part 18.            Intra module refs:   display_altitude
                                                   reset_altitude_measurement
           ENTRY                   ADDRESS         REF BY
           =====                   =======         ======
           start_altitude_measurement
                                   8CC4            start_simpliciti_sync (rfsimpliciti)
               calls direct
               CSTACK = 00000000 ( 00000004 )
    -------------------------------------------------------------------------
<CODE> 1 (was CODE)
  Relative segment, address: 8D28 - 8EE5 (0x1be bytes), align: 1
  Segment part 19.
           ENTRY                   ADDRESS         REF BY
           =====                   =======         ======
           display_altitude        8D28            menu_L1_Altitude (menu)
                                                   test_mode (test)
               calls direct
               CSTACK = 00000000 ( 00000014 )
    -------------------------------------------------------------------------
<CODE> 1 (was CODE)
  Relative segment, address: 8EE6 - 8EE7 (0x2 bytes), align: 1
  Segment part 20.            Intra module refs:   display_altitude
           LOCAL                   ADDRESS         
           =====                   =======         
           ?Subroutine10           8EE6 
    -------------------------------------------------------------------------
<CODE> 1 (was CODE)
  Relative segment, address: 8EE8 - 8EF1 (0xa bytes), align: 1
  Segment part 21.            Intra module refs:   ?Subroutine10
                                                   display_altitude
    -------------------------------------------------------------------------
<CODE> 1 (was CODE)
  Relative segment, address: 8EF2 - 8EFD (0xc bytes), align: 1
  Segment part 22.            Intra module refs:   display_altitude
           LOCAL                   ADDRESS         
           =====                   =======         
           ?Subroutine8            8EF2 
    -------------------------------------------------------------------------
<CODE> 1 (was CODE)
  Relative segment, address: 8EFE - 8F07 (0xa bytes), align: 1
  Segment part 23.            Intra module refs:   display_altitude
           LOCAL                   ADDRESS         
           =====                   =======         
           ?Subroutine7            8EFE 
    -------------------------------------------------------------------------
<CODE> 1 (was CODE)
  Relative segment, address: 8F08 - 8F0D (0x6 bytes), align: 1
  Segment part 24.            Intra module refs:   display_altitude
           LOCAL                   ADDRESS         
           =====                   =======         
           ?Subroutine6            8F08 
    -------------------------------------------------------------------------
<CODE> 1 (was CODE)
  Relative segment, address: 8F0E - 8F21 (0x14 bytes), align: 1
  Segment part 25.            Intra module refs:   ?Subroutine6
                                                   ?Subroutine7
           LOCAL                   ADDRESS         
           =====                   =======         
           ?Subroutine17           8F0E 
    -------------------------------------------------------------------------
<CODE> 1 (was CODE)
  Relative segment, address: 8F22 - 8F35 (0x14 bytes), align: 1
  Segment part 26.            Intra module refs:   display_altitude
           LOCAL                   ADDRESS         
           =====                   =======         
           ?Subroutine5            8F22 
    -------------------------------------------------------------------------
<CODE> 1 (was CODE)
  Relative segment, address: 8F36 - 8F3F (0xa bytes), align: 1
  Segment part 27.            Intra module refs:   ?Subroutine5
                                                   do_altitude_measurement
           LOCAL                   ADDRESS         
           =====                   =======         
           ?Subroutine16           8F36 
    -------------------------------------------------------------------------
<CODE> 1 (was CODE)
  Relative segment, address: 8F40 - 8F47 (0x8 bytes), align: 1
  Segment part 28.            Intra module refs:   ?Subroutine16
                                                   do_altitude_measurement
    -------------------------------------------------------------------------
<CODE> 1 (was CODE)
  Relative segment, address: 8F48 - 8F5B (0x14 bytes), align: 1
  Segment part 29.            Intra module refs:   display_altitude
           LOCAL                   ADDRESS         
           =====                   =======         
           ?Subroutine3            8F48 
    -------------------------------------------------------------------------
<CODE> 1 (was CODE)
  Relative segment, address: 8F5C - 8F61 (0x6 bytes), align: 1
  Segment part 30.            Intra module refs:   display_altitude
           LOCAL                   ADDRESS         
           =====                   =======         
           ?Subroutine2            8F5C 
    -------------------------------------------------------------------------
<CODE> 1 (was CODE)
  Relative segment, address: 8F62 - 8F63 (0x2 bytes), align: 1
  Segment part 31.            Intra module refs:   ?Subroutine2
                                                   ?Subroutine7
           LOCAL                   ADDRESS         
           =====                   =======         
           ?Subroutine18           8F62 
    -------------------------------------------------------------------------
<CODE> 1 (was CODE)
  Relative segment, address: 8F64 - 8F6B (0x8 bytes), align: 1
  Segment part 32.            Intra module refs:   ?Subroutine18
                                                   ?Subroutine6
                                                   ?Subroutine8
                                                   ?Subroutine9
                                                   display_altitude
                                                   mx_altitude
    -------------------------------------------------------------------------
<CODE> 1 (was CODE)
  Relative segment, address: 8F6C - 8F7B (0x10 bytes), align: 1
  Segment part 33.            Intra module refs:   ?Subroutine2
                                                   ?Subroutine3
           LOCAL                   ADDRESS         
           =====                   =======         
           ?Subroutine13           8F6C 
    -------------------------------------------------------------------------
<CODE> 1 (was CODE)
  Relative segment, address: 8F7C - 8FA9 (0x2e bytes), align: 1
  Segment part 34.            Intra module refs:   display_altitude
           LOCAL                   ADDRESS         
           =====                   =======         
           ?Subroutine1            8F7C 
    -------------------------------------------------------------------------
<CODE> 1 (was CODE)
  Relative segment, address: 8FAA - 8FB5 (0xc bytes), align: 1
  Segment part 35.            Intra module refs:   ?Subroutine1
                                                   do_altitude_measurement
           LOCAL                   ADDRESS         
           =====                   =======         
           ?Subroutine15           8FAA 
    -------------------------------------------------------------------------
<CODE> 1 (was CODE)
  Relative segment, address: 8FB6 - 8FCB (0x16 bytes), align: 1
  Segment part 36.            Intra module refs:   mx_altitude
           ENTRY                   ADDRESS         REF BY
           =====                   =======         ======
           convert_ft_to_m         8FB6 
               CSTACK = 00000000 ( 00000004 )
    -------------------------------------------------------------------------
<CODE> 1 (was CODE)
  Relative segment, address: 8FCC - 8FD5 (0xa bytes), align: 1
  Segment part 37.            Intra module refs:   ?Subroutine1
                                                   ?Subroutine4
                                                   convert_ft_to_m
                                                   convert_m_to_ft
           LOCAL                   ADDRESS         
           =====                   =======         
           ?Subroutine14           8FCC 
    -------------------------------------------------------------------------
<CODE> 1 (was CODE)
  Relative segment, address: 8FD6 - 913D (0x168 bytes), align: 1
  Segment part 38.
           ENTRY                   ADDRESS         REF BY
           =====                   =======         ======
           mx_altitude             8FD6            menu_L1_Altitude (menu)
               calls direct
               CSTACK = 00000000 ( 00000026 )
    -------------------------------------------------------------------------
<CODE> 1 (was CODE)
  Relative segment, address: 913E - 9147 (0xa bytes), align: 1
  Segment part 39.            Intra module refs:   display_altitude
                                                   mx_altitude
           LOCAL                   ADDRESS         
           =====                   =======         
           ?Subroutine11           913E 
    -------------------------------------------------------------------------
<CODE> 1 (was CODE)
  Relative segment, address: 9148 - 914D (0x6 bytes), align: 1
  Segment part 40.            Intra module refs:   display_altitude
           LOCAL                   ADDRESS         
           =====                   =======         
           ?Subroutine9            9148 
    -------------------------------------------------------------------------
<CODE> 1 (was CODE)
  Relative segment, address: EC80 - EC97 (0x18 bytes), align: 1
  Segment part 43.
           ENTRY                   ADDRESS         REF BY
           =====                   =======         ======
           is_altitude_measurement
                                   EC80            TIMER0_A0_ISR (timer)
               CSTACK = 00000000 ( 00000004 )
    -------------------------------------------------------------------------
<CODE> 1 (was CODE)
  Relative segment, address: EAD4 - EAEF (0x1c bytes), align: 1
  Segment part 14.            Intra module refs:   display_altitude
                                                   reset_altitude_measurement
           ENTRY                   ADDRESS         REF BY
           =====                   =======         ======
           stop_altitude_measurement
                                   EAD4            TIMER0_A0_ISR (timer)
                                                   start_simpliciti_sync (rfsimpliciti)
                                                   test_mode (test)
               calls direct
               CSTACK = 00000000 ( 00000004 )
    -------------------------------------------------------------------------
<CODE> 1 (was CODE)
  Relative segment, address: E1A0 - E1CF (0x30 bytes), align: 1
  Segment part 42.
           ENTRY                   ADDRESS         REF BY
           =====                   =======         ======
           sx_altitude             E1A0            menu_L1_Altitude (menu)
               CSTACK = 00000000 ( 00000004 )
    -------------------------------------------------------------------------
<CODE> 1 (was CODE)
  Relative segment, address: F270 - F27D (0xe bytes), align: 1
  Segment part 41.            Intra module refs:   mx_altitude
           LOCAL                   ADDRESS         
           =====                   =======         
           ?Subroutine4            F270 
    -------------------------------------------------------------------------
DATA16_C
  Relative segment, address: 8148 - 814B (0x4 bytes), align: 0
  Segment part 5.             Intra module refs:   start_altitude_measurement
    -------------------------------------------------------------------------
DATA16_C
  Relative segment, address: 814C - 8152 (0x7 bytes), align: 0
  Segment part 6.             Intra module refs:   mx_altitude
    -------------------------------------------------------------------------
DATA16_C
  Relative segment, address: 8153 - 8158 (0x6 bytes), align: 0
  Segment part 7.             Intra module refs:   mx_altitude
    -------------------------------------------------------------------------
DATA16_C
  Relative segment, address: 8159 - 815D (0x5 bytes), align: 0
  Segment part 8.             Intra module refs:   display_altitude
    -------------------------------------------------------------------------
DATA16_C
  Relative segment, address: 815E - 8162 (0x5 bytes), align: 0
  Segment part 9.             Intra module refs:   display_altitude
    -------------------------------------------------------------------------
DATA16_C
  Relative segment, address: 8163 - 8167 (0x5 bytes), align: 0
  Segment part 10.            Intra module refs:   display_altitude
    -------------------------------------------------------------------------
DATA16_C
  Relative segment, address: 8168 - 816C (0x5 bytes), align: 0
  Segment part 11.            Intra module refs:   display_altitude
    -------------------------------------------------------------------------
DATA16_C
  Relative segment, address: 816D - 8171 (0x5 bytes), align: 0
  Segment part 12.            Intra module refs:   display_altitude

    *************************************************************************

  FILE NAME : D:\Projects\cronosTI\v2\Sports Watch\915MHz - Unrestricted IAR Workbench (USA)\Obj\battery.r43
  PROGRAM MODULE, NAME : battery

  SEGMENTS IN THE MODULE
  ======================
DATA16_Z
  Relative segment, address: 1CA2 - 1CA7 (0x6 bytes), align: 1
  Segment part 2.             Intra module refs:   ?Subroutine0
                                                   battery_measurement
                                                   display_battery_V
                                                   reset_batt_measurement
           ENTRY                   ADDRESS         REF BY
           =====                   =======         ======
           sBatt                   1CA2            TIMER0_A0_ISR (timer)
                                                   read_calibration_values (main)
    -------------------------------------------------------------------------
<CODE> 1 (was CODE)
  Relative segment, address: F036 - F047 (0x12 bytes), align: 1
  Segment part 6.
           ENTRY                   ADDRESS         REF BY
           =====                   =======         ======
           reset_batt_measurement
                                   F036            init_global_variables (main)
               CSTACK = 00000000 ( 00000004 )
    -------------------------------------------------------------------------
<CODE> 1 (was CODE)
  Relative segment, address: CCC2 - CD27 (0x66 bytes), align: 1
  Segment part 5.
           ENTRY                   ADDRESS         REF BY
           =====                   =======         ======
           battery_measurement     CCC2            init_global_variables (main)
                                                   process_requests (main)
               calls direct
               CSTACK = 00000000 ( 00000004 )
    -------------------------------------------------------------------------
<CODE> 1 (was CODE)
  Relative segment, address: D8DE - D91D (0x40 bytes), align: 1
  Segment part 3.
           ENTRY                   ADDRESS         REF BY
           =====                   =======         ======
           display_battery_V       D8DE            menu_L2_Battery (menu)
               calls direct
               CSTACK = 00000000 ( 00000004 )
    -------------------------------------------------------------------------
<CODE> 1 (was CODE)
  Relative segment, address: EB60 - EB7B (0x1c bytes), align: 1
  Segment part 4.             Intra module refs:   display_battery_V
           LOCAL                   ADDRESS         
           =====                   =======         
           ?Subroutine0            EB60 

    *************************************************************************

  FILE NAME : D:\Projects\cronosTI\v2\Sports Watch\915MHz - Unrestricted IAR Workbench (USA)\Obj\bluerobin.r43
  PROGRAM MODULE, NAME : bluerobin

  SEGMENTS IN THE MODULE
  ======================
DATA16_Z
  Relative segment, address: 1CA8 - 1CBF (0x18 bytes), align: 1
  Segment part 5.             Intra module refs:   ?Subroutine0
                                                   display_heartrate
                                                   get_bluerobin_data
                                                   is_bluerobin
                                                   is_bluerobin_searching
                                                   reset_bluerobin
                                                   stop_bluerobin
                                                   sx_bluerobin
           ENTRY                   ADDRESS         REF BY
           =====                   =======         ======
           sBlueRobin              1CA8            radio_ISR (radio)
    -------------------------------------------------------------------------
DATA16_C
  Relative segment, address: 8172 - 8175 (0x4 bytes), align: 0
  Segment part 4.             Intra module refs:   display_heartrate
    -------------------------------------------------------------------------
<CODE> 1 (was CODE)
  Relative segment, address: E3C8 - E3F3 (0x2c bytes), align: 1
  Segment part 33.
           ENTRY                   ADDRESS         REF BY
           =====                   =======         ======
           reset_bluerobin         E3C8            init_global_variables (main)
               CSTACK = 00000000 ( 00000004 )
    -------------------------------------------------------------------------
<CODE> 1 (was CODE)
  Relative segment, address: EEE0 - EEF1 (0x12 bytes), align: 1
  Segment part 34.            Intra module refs:   reset_bluerobin
                                                   stop_bluerobin
           LOCAL                   ADDRESS         
           =====                   =======         
           ?Subroutine0            EEE0 
    -------------------------------------------------------------------------
<CODE> 1 (was CODE)
  Relative segment, address: B058 - B145 (0xee bytes), align: 1
  Segment part 28.
           ENTRY                   ADDRESS         REF BY
           =====                   =======         ======
           sx_bluerobin            B058            test_mode (test)
               calls direct
               CSTACK = 00000000 ( 00000004 )
    -------------------------------------------------------------------------
<CODE> 1 (was CODE)
  Relative segment, address: F5B0 - F5B5 (0x6 bytes), align: 1
  Segment part 29.            Intra module refs:   get_bluerobin_data
                                                   sx_bluerobin
           LOCAL                   ADDRESS         
           =====                   =======         
           ?Subroutine4            F5B0 
    -------------------------------------------------------------------------
<CODE> 1 (was CODE)
  Relative segment, address: F56C - F573 (0x8 bytes), align: 1
  Segment part 30.            Intra module refs:   stop_bluerobin
                                                   sx_bluerobin
           LOCAL                   ADDRESS         
           =====                   =======         
           ?Subroutine3            F56C 
    -------------------------------------------------------------------------
<CODE> 1 (was CODE)
  Relative segment, address: F564 - F56B (0x8 bytes), align: 1
  Segment part 31.            Intra module refs:   stop_bluerobin
                                                   sx_bluerobin
           LOCAL                   ADDRESS         
           =====                   =======         
           ?Subroutine2            F564 
    -------------------------------------------------------------------------
<CODE> 1 (was CODE)
  Relative segment, address: F336 - F337 (0x2 bytes), align: 1
  Segment part 16.            Intra module refs:   display_heartrate
           LOCAL                   ADDRESS         
           =====                   =======         
           ?Subroutine10           F336 
    -------------------------------------------------------------------------
<CODE> 1 (was CODE)
  Relative segment, address: F338 - F341 (0xa bytes), align: 1
  Segment part 17.            Intra module refs:   ?Subroutine10
    -------------------------------------------------------------------------
<CODE> 1 (was CODE)
  Relative segment, address: D31A - D369 (0x50 bytes), align: 1
  Segment part 21.
           ENTRY                   ADDRESS         REF BY
           =====                   =======         ======
           display_heartrate       D31A            test_mode (test)
               calls direct
               CSTACK = 00000000 ( 00000006 )
    -------------------------------------------------------------------------
<CODE> 1 (was CODE)
  Relative segment, address: F238 - F245 (0xe bytes), align: 1
  Segment part 10.            Intra module refs:   display_heartrate
           ENTRY                   ADDRESS         REF BY
           =====                   =======         ======
           is_bluerobin            F238            TIMER0_A0_ISR (timer)
                                                   display_update (main)
                                                   sx_ppt (rfsimpliciti)
                                                   sx_rf (rfsimpliciti)
                                                   sx_rfbsl (rfbsl)
                                                   sx_sync (rfsimpliciti)
               CSTACK = 00000000 ( 00000004 )
    -------------------------------------------------------------------------
<CODE> 1 (was CODE)
  Relative segment, address: F246 - F253 (0xe bytes), align: 1
  Segment part 9.
           ENTRY                   ADDRESS         REF BY
           =====                   =======         ======
           is_bluerobin_searching
                                   F246            TIMER0_A0_ISR (timer)
               CSTACK = 00000000 ( 00000004 )
    -------------------------------------------------------------------------
<CODE> 1 (was CODE)
  Relative segment, address: C20C - C29D (0x92 bytes), align: 1
  Segment part 8.
           ENTRY                   ADDRESS         REF BY
           =====                   =======         ======
           get_bluerobin_data      C20C            TIMER0_A0_ISR (timer)
                                                   test_mode (test)
               calls direct
               CSTACK = 00000000 ( 00000006 )
    -------------------------------------------------------------------------
<CODE> 1 (was CODE)
  Relative segment, address: DF44 - DF79 (0x36 bytes), align: 1
  Segment part 7.             Intra module refs:   get_bluerobin_data
                                                   sx_bluerobin
           ENTRY                   ADDRESS         REF BY
           =====                   =======         ======
           stop_bluerobin          DF44            test_mode (test)
               calls direct
               CSTACK = 00000000 ( 00000004 )

    *************************************************************************

  FILE NAME : D:\Projects\cronosTI\v2\Sports Watch\915MHz - Unrestricted IAR Workbench (USA)\Obj\bsp.r43
  PROGRAM MODULE, NAME : bsp

  SEGMENTS IN THE MODULE
  ======================
DATA16_AN
  Relative segment, address: 0202 - 0203 (0x2 bytes), align: 0
  Segment part 1. ROOT.       Intra module refs:   PORT2_ISR (ports)
                                                   TIMER0_A0_ISR (timer)
                                                   as_init (vti_as)
                                                   as_stop (vti_as)
                                                   init_application (main)
                                                   init_buttons (ports)
                                                   stop_buzzer (buzzer)
                                                   sx_ppt (rfsimpliciti)
                                                   sx_rf (rfsimpliciti)
                                                   sx_sync (rfsimpliciti)
                                                   test_mode (test)
                                                   toggle_buzzer (buzzer)
           ENTRY                   ADDRESS         REF BY
           =====                   =======         ======
           _A_PAOUT_L              0202 
           LOCAL                   ADDRESS         
           =====                   =======         
           PAOUT                   0202 
           PAOUT_H                 0203 
           PAOUT_L                 0202 
    -------------------------------------------------------------------------
DATA16_AN
  Relative segment, address: 0204 - 0205 (0x2 bytes), align: 0
  Segment part 2. ROOT.       Intra module refs:   PORT2_ISR (ports)
                                                   TIMER0_A0_ISR (timer)
                                                   as_init (vti_as)
                                                   as_start (vti_as)
                                                   as_stop (vti_as)
                                                   init_application (main)
                                                   init_buttons (ports)
                                                   ps_init (vti_ps)
                                                   sx_ppt (rfsimpliciti)
                                                   sx_rf (rfsimpliciti)
                                                   sx_sync (rfsimpliciti)
                                                   test_mode (test)
           ENTRY                   ADDRESS         REF BY
           =====                   =======         ======
           _A_PADIR_L              0204 
           LOCAL                   ADDRESS         
           =====                   =======         
           PADIR                   0204 
           PADIR_H                 0205 
           PADIR_L                 0204 
    -------------------------------------------------------------------------
DATA16_AN
  Relative segment, address: 0206 - 0207 (0x2 bytes), align: 0
  Segment part 3. ROOT.       Intra module refs:   as_read_register (vti_as)
                                                   as_start (vti_as)
                                                   as_write_register (vti_as)
                                                   init_buttons (ports)
           ENTRY                   ADDRESS         REF BY
           =====                   =======         ======
           _A_PAREN_L              0206 
           LOCAL                   ADDRESS         
           =====                   =======         
           PAREN                   0206 
           PAREN_H                 0207 
           PAREN_L                 0206 
    -------------------------------------------------------------------------
DATA16_AN
  Relative segment, address: 0222 - 0223 (0x2 bytes), align: 0
  Segment part 4. ROOT.
           ENTRY                   ADDRESS         REF BY
           =====                   =======         ======
           _A_PBOUT_L              0222 
           LOCAL                   ADDRESS         
           =====                   =======         
           PBOUT                   0222 
           PBOUT_H                 0223 
           PBOUT_L                 0222 
    -------------------------------------------------------------------------
DATA16_AN
  Relative segment, address: 0224 - 0225 (0x2 bytes), align: 0
  Segment part 5. ROOT.
           ENTRY                   ADDRESS         REF BY
           =====                   =======         ======
           _A_PBDIR_L              0224 
           LOCAL                   ADDRESS         
           =====                   =======         
           PBDIR                   0224 
           PBDIR_H                 0225 
           PBDIR_L                 0224 
    -------------------------------------------------------------------------
DATA16_AN
  Relative segment, address: 0120 - 0121 (0x2 bytes), align: 0
  Segment part 6. ROOT.       Intra module refs:   SetVCore
                                                   SetVCore (pmm)
                                                   SetVCoreDown (pmm)
                                                   SetVCoreUp
                                                   SetVCoreUp (pmm)
                                                   init_application (main)
           ENTRY                   ADDRESS         REF BY
           =====                   =======         ======
           _A_PMMCTL0_L            0120 
           LOCAL                   ADDRESS         
           =====                   =======         
           PMMCTL0                 0120 
           PMMCTL0_H               0121 
           PMMCTL0_L               0120 
    -------------------------------------------------------------------------
DATA16_AN
  Relative segment, address: 0124 - 0125 (0x2 bytes), align: 0
  Segment part 7. ROOT.       Intra module refs:   SetVCoreUp
                                                   SetVCoreUp (pmm)
           ENTRY                   ADDRESS         REF BY
           =====                   =======         ======
           _A_SVSMHCTL_L           0124 
           LOCAL                   ADDRESS         
           =====                   =======         
           SVSMHCTL                0124 
           SVSMHCTL_H              0125 
           SVSMHCTL_L              0124 
    -------------------------------------------------------------------------
DATA16_AN
  Relative segment, address: 0126 - 0127 (0x2 bytes), align: 0
  Segment part 8. ROOT.       Intra module refs:   SetVCore
                                                   SetVCoreDown (pmm)
                                                   SetVCoreUp
                                                   SetVCoreUp (pmm)
           ENTRY                   ADDRESS         REF BY
           =====                   =======         ======
           _A_SVSMLCTL_L           0126 
           LOCAL                   ADDRESS         
           =====                   =======         
           SVSMLCTL                0126 
           SVSMLCTL_H              0127 
           SVSMLCTL_L              0126 
    -------------------------------------------------------------------------
DATA16_AN
  Relative segment, address: 012C - 012D (0x2 bytes), align: 0
  Segment part 9. ROOT.       Intra module refs:   SetVCore
                                                   SetVCoreDown (pmm)
                                                   SetVCoreUp
                                                   SetVCoreUp (pmm)
           ENTRY                   ADDRESS         REF BY
           =====                   =======         ======
           _A_PMMIFG_L             012C 
           LOCAL                   ADDRESS         
           =====                   =======         
           PMMIFG                  012C 
           PMMIFG_H                012D 
           PMMIFG_L                012C 
    -------------------------------------------------------------------------
DATA16_AN
  Relative segment, address: 0102 - 0103 (0x2 bytes), align: 0
  Segment part 10. ROOT.      Intra module refs:   Bsp_SetClocks
                                                   init_application (main)
           ENTRY                   ADDRESS         REF BY
           =====                   =======         ======
           _A_SFRIFG1_L            0102 
           LOCAL                   ADDRESS         
           =====                   =======         
           SFRIFG1                 0102 
           SFRIFG1_H               0103 
           SFRIFG1_L               0102 
    -------------------------------------------------------------------------
DATA16_AN
  Relative segment, address: 0380 - 0381 (0x2 bytes), align: 0
  Segment part 11. ROOT.      Intra module refs:   BSP_Delay
                                                   BSP_InitBoard
                                                   start_buzzer (buzzer)
                                                   stop_buzzer (buzzer)
                                                   toggle_buzzer (buzzer)
           ENTRY                   ADDRESS         REF BY
           =====                   =======         ======
           TA1CTL                  0380 
    -------------------------------------------------------------------------
DATA16_AN
  Relative segment, address: 0382 - 0383 (0x2 bytes), align: 0
  Segment part 12. ROOT.      Intra module refs:   BSP_Delay
                                                   start_buzzer (buzzer)
                                                   stop_buzzer (buzzer)
           ENTRY                   ADDRESS         REF BY
           =====                   =======         ======
           TA1CCTL0                0382 
    -------------------------------------------------------------------------
DATA16_AN
  Relative segment, address: 0390 - 0391 (0x2 bytes), align: 0
  Segment part 13. ROOT.      Intra module refs:   BSP_Delay
                                                   toggle_buzzer (buzzer)
           ENTRY                   ADDRESS         REF BY
           =====                   =======         ======
           TA1R                    0390 
    -------------------------------------------------------------------------
DATA16_AN
  Relative segment, address: 0392 - 0393 (0x2 bytes), align: 0
  Segment part 14. ROOT.      Intra module refs:   BSP_Delay
                                                   start_buzzer (buzzer)
           ENTRY                   ADDRESS         REF BY
           =====                   =======         ======
           TA1CCR0                 0392 
    -------------------------------------------------------------------------
DATA16_AN
  Relative segment, address: 0160 - 0161 (0x2 bytes), align: 0
  Segment part 15. ROOT.      Intra module refs:   Bsp_SetClocks
                                                   init_application (main)
           ENTRY                   ADDRESS         REF BY
           =====                   =======         ======
           _A_UCSCTL0_L            0160 
           LOCAL                   ADDRESS         
           =====                   =======         
           UCSCTL0                 0160 
           UCSCTL0_H               0161 
           UCSCTL0_L               0160 
    -------------------------------------------------------------------------
DATA16_AN
  Relative segment, address: 0162 - 0163 (0x2 bytes), align: 0
  Segment part 16. ROOT.      Intra module refs:   Bsp_SetClocks
                                                   init_application (main)
           ENTRY                   ADDRESS         REF BY
           =====                   =======         ======
           _A_UCSCTL1_L            0162 
           LOCAL                   ADDRESS         
           =====                   =======         
           UCSCTL1                 0162 
           UCSCTL1_H               0163 
           UCSCTL1_L               0162 
    -------------------------------------------------------------------------
DATA16_AN
  Relative segment, address: 0164 - 0165 (0x2 bytes), align: 0
  Segment part 17. ROOT.      Intra module refs:   Bsp_SetClocks
                                                   init_application (main)
           ENTRY                   ADDRESS         REF BY
           =====                   =======         ======
           _A_UCSCTL2_L            0164 
           LOCAL                   ADDRESS         
           =====                   =======         
           UCSCTL2                 0164 
           UCSCTL2_H               0165 
           UCSCTL2_L               0164 
    -------------------------------------------------------------------------
DATA16_AN
  Relative segment, address: 0166 - 0167 (0x2 bytes), align: 0
  Segment part 18. ROOT.      Intra module refs:   Bsp_SetClocks
                                                   init_application (main)
           ENTRY                   ADDRESS         REF BY
           =====                   =======         ======
           _A_UCSCTL3_L            0166 
           LOCAL                   ADDRESS         
           =====                   =======         
           UCSCTL3                 0166 
           UCSCTL3_H               0167 
           UCSCTL3_L               0166 
    -------------------------------------------------------------------------
DATA16_AN
  Relative segment, address: 0168 - 0169 (0x2 bytes), align: 0
  Segment part 19. ROOT.      Intra module refs:   Bsp_SetClocks
                                                   init_application (main)
           ENTRY                   ADDRESS         REF BY
           =====                   =======         ======
           _A_UCSCTL4_L            0168 
           LOCAL                   ADDRESS         
           =====                   =======         
           UCSCTL4                 0168 
           UCSCTL4_H               0169 
           UCSCTL4_L               0168 
    -------------------------------------------------------------------------
DATA16_AN
  Relative segment, address: 016E - 016F (0x2 bytes), align: 0
  Segment part 20. ROOT.      Intra module refs:   Bsp_SetClocks
                                                   init_application (main)
           ENTRY                   ADDRESS         REF BY
           =====                   =======         ======
           _A_UCSCTL7_L            016E 
           LOCAL                   ADDRESS         
           =====                   =======         
           UCSCTL7                 016E 
           UCSCTL7_H               016F 
           UCSCTL7_L               016E 
    -------------------------------------------------------------------------
DATA16_AN
  Relative segment, address: 015C - 015D (0x2 bytes), align: 0
  Segment part 21. ROOT.      Intra module refs:   Timer0_A4_Delay (timer)
                                                   __low_level_init
                                                   idle_loop (main)
                                                   init_application (main)
                                                   main (main)
                                                   simpliciti_get_ed_data_callback (rfsimpliciti)
                                                   simpliciti_link (main_ED_BM)
                                                   simpliciti_main_sync (main_ED_BM)
                                                   test_mode (test)
           ENTRY                   ADDRESS         REF BY
           =====                   =======         ======
           _A_WDTCTL_L             015C 
           LOCAL                   ADDRESS         
           =====                   =======         
           WDTCTL                  015C 
           WDTCTL_H                015D 
           WDTCTL_L                015C 
    -------------------------------------------------------------------------
<CODE> 1 (was CODE)
  Relative segment, address: D85A - D89B (0x42 bytes), align: 1
  Segment part 31.            Intra module refs:   __low_level_init
           LOCAL                   ADDRESS         
           =====                   =======         
           SetVCore                D85A 
               calls direct
               CSTACK = 00000000 ( 00000008 )
    -------------------------------------------------------------------------
<CODE> 1 (was CODE)
  Relative segment, address: DB48 - DB83 (0x3c bytes), align: 1
  Segment part 30.            Intra module refs:   SetVCore
           LOCAL                   ADDRESS         
           =====                   =======         
           SetVCoreUp              DB48 
               CSTACK = 00000000 ( 00000004 )
    -------------------------------------------------------------------------
<CODE> 1 (was CODE)
  Relative segment, address: F078 - F087 (0x10 bytes), align: 1
  Segment part 32.            Intra module refs:   SetVCore
                                                   SetVCoreUp
           LOCAL                   ADDRESS         
           =====                   =======         
           ?Subroutine0            F078 
[...]
           ?DivMod8s               DF7A 
           ?DivMod16s              DF7E            Mrfi_CalculateRssi (mrfi)
                                                   convert_C_to_F (temperature)
                                                   convert_F_to_C (temperature)
                                                   get_dow (date)

    -------------------------------------------------------------------------
  LIBRARY MODULE, NAME : ?DivMod32u

  SEGMENTS IN THE MODULE
  ======================
<CODE> 1 (was CODE)
  Relative segment, address: DD8A - DDC1 (0x38 bytes), align: 1
  Segment part 0.
           ENTRY                   ADDRESS         REF BY
           =====                   =======         ======
           ?DivMod32u              DD8A            ?DivMod32s (?DivMod32s)
                                                   ?Subroutine0 (display)

    -------------------------------------------------------------------------
  LIBRARY MODULE, NAME : ?DivMod32s

  SEGMENTS IN THE MODULE
  ======================
<CODE> 1 (was CODE)
  Relative segment, address: D91E - D95D (0x40 bytes), align: 1
  Segment part 0.
           ENTRY                   ADDRESS         REF BY
           =====                   =======         ======
           ?DivMod32s              D91E            ?Subroutine0 (altitude)
                                                   button_repeat_on (ports)
                                                   set_value (user)
                                                   temperature_measurement (temperature)

    -------------------------------------------------------------------------
  LIBRARY MODULE, NAME : ?OneBitMask32

  SEGMENTS IN THE MODULE
  ======================
<CODE> 1 (was CODE)
  Relative segment, address: E6B8 - E6D9 (0x22 bytes), align: 1
  Segment part 0.
           ENTRY                   ADDRESS         REF BY
           =====                   =======         ======
           ?OneBitMask32           E6B8            convert_acceleration_value_to_mgrav (acceleration)

    -------------------------------------------------------------------------
  LIBRARY MODULE, NAME : ?ShiftRight32u

  SEGMENTS IN THE MODULE
  ======================
<CODE> 1 (was CODE)
  Relative segment, address: CEA8 - CEE7 (0x40 bytes), align: 1
  Segment part 0.
           ENTRY                   ADDRESS         REF BY
           =====                   =======         ======
           ?ShiftRight32u          CEA8            convert_acceleration_value_to_mgrav (acceleration)
    -------------------------------------------------------------------------
<CODE> 1 (was CODE)
  Relative segment, address: CEE8 - CEEB (0x4 bytes), align: 1
  Segment part 1.             Intra module refs:   ?ShiftRight32u
           ENTRY                   ADDRESS         REF BY
           =====                   =======         ======
           ?ShiftRight32u_7        CEE8 
    -------------------------------------------------------------------------
<CODE> 1 (was CODE)
  Relative segment, address: CEEC - CEEF (0x4 bytes), align: 1
  Segment part 2.             Intra module refs:   ?ShiftRight32u_7
           ENTRY                   ADDRESS         REF BY
           =====                   =======         ======
           ?ShiftRight32u_6        CEEC 
    -------------------------------------------------------------------------
<CODE> 1 (was CODE)
  Relative segment, address: CEF0 - CEF3 (0x4 bytes), align: 1
  Segment part 3.             Intra module refs:   ?ShiftRight32u_6
           ENTRY                   ADDRESS         REF BY
           =====                   =======         ======
           ?ShiftRight32u_5        CEF0 
    -------------------------------------------------------------------------
<CODE> 1 (was CODE)
  Relative segment, address: CEF4 - CEF7 (0x4 bytes), align: 1
  Segment part 4.             Intra module refs:   ?ShiftRight32u_5
           ENTRY                   ADDRESS         REF BY
           =====                   =======         ======
           ?ShiftRight32u_4        CEF4 
    -------------------------------------------------------------------------
<CODE> 1 (was CODE)
  Relative segment, address: CEF8 - CEFB (0x4 bytes), align: 1
  Segment part 5.             Intra module refs:   ?ShiftRight32u_4
           ENTRY                   ADDRESS         REF BY
           =====                   =======         ======
           ?ShiftRight32u_3        CEF8 
    -------------------------------------------------------------------------
<CODE> 1 (was CODE)
  Relative segment, address: CEFC - CF05 (0xa bytes), align: 1
  Segment part 6.             Intra module refs:   ?ShiftRight32u_3
           ENTRY                   ADDRESS         REF BY
           =====                   =======         ======
           ?ShiftRight32u_2        CEFC 

    -------------------------------------------------------------------------
  LIBRARY MODULE, NAME : ?memcmp

  SEGMENTS IN THE MODULE
  ======================
<CODE> 1 (was CODE)
  Relative segment, address: E850 - E86F (0x20 bytes), align: 1
  Segment part 2.
           ENTRY                   ADDRESS         REF BY
           =====                   =======         ======
           memcmp                  E850            Segment part 18 (nwk)
                                                   dispatchFrame (nwk_frame)
                                                   nwk_QfindOldest (nwk_QMgmt)
                                                   nwk_processMgmt (nwk_mgmt)
               CSTACK = 00000000 ( 00000004 )

    -------------------------------------------------------------------------
  LIBRARY MODULE, NAME : ?memcpy

  SEGMENTS IN THE MODULE
  ======================
<CODE> 1 (was CODE)
  Relative segment, address: EFDC - EFED (0x12 bytes), align: 1
  Segment part 2.
           ENTRY                   ADDRESS         REF BY
           =====                   =======         ======
           memcpy                  EFDC            ?Subroutine0 (nwk_globals)
                                                   ?Subroutine7 (nwk_link)
                                                   SMPL_Ioctl (nwk_api)
                                                   SMPL_SendOpt (nwk_api)
                                                   __data16_memcpy (?memzero)
                                                   display_update (main)
                                                   int_to_array (display)
                                                   nwk_buildFrame (nwk_frame)
                                                   nwk_deviceAddress (nwk_ioctl)
                                                   nwk_join (nwk_join)
                                                   nwk_link (nwk_link)
                                                   nwk_nwkInit (nwk)
                                                   nwk_radioControl (nwk_ioctl)
                                                   nwk_rawSend (nwk_ioctl)
                                                   nwk_retrieveFrame (nwk_frame)
                                                   nwk_sendAckReply (nwk_frame)
                                                   nwk_setAPAddress (nwk_globals)
                                                   reset_stopwatch (stopwatch)
                                                   smpl_send_ping_reply (nwk_ping)
               CSTACK = 00000000 ( 00000004 )

    -------------------------------------------------------------------------
  LIBRARY MODULE, NAME : ?memmove

  SEGMENTS IN THE MODULE
  ======================
<CODE> 1 (was CODE)
  Relative segment, address: DFE2 - E015 (0x34 bytes), align: 1
  Segment part 2.
           ENTRY                   ADDRESS         REF BY
           =====                   =======         ======
           memmove                 DFE2            nwk_getNumObjectFromMsg (nwk)
                                                   nwk_putNumObjectIntoMsg (nwk)
               CSTACK = 00000000 ( 00000006 )

    -------------------------------------------------------------------------
  LIBRARY MODULE, NAME : ?CopyMemoryBytes

  SEGMENTS IN THE MODULE
  ======================
<CODE> 1 (was CODE)
  Relative segment, address: F108 - F117 (0x10 bytes), align: 1
  Segment part 0.
           ENTRY                   ADDRESS         REF BY
           =====                   =======         ======
           ?CopyMemoryBytes        F108            MRFI_Receive (mrfi)
                                                   display_date (date)

    -------------------------------------------------------------------------
  LIBRARY MODULE, NAME : ?memset

  SEGMENTS IN THE MODULE
  ======================
<CODE> 1 (was CODE)
  Relative segment, address: EE86 - EE97 (0x12 bytes), align: 1
  Segment part 2.
           ENTRY                   ADDRESS         REF BY
           =====                   =======         ======
           memset                  EE86            MRFI_Init (mrfi)
                                                   Segment part 64 (mrfi)
                                                   nwk_QInit (nwk_QMgmt)
                                                   nwk_allocateLocalRxPort (nwk)
                                                   nwk_globalsInit (nwk_globals)
                                                   nwk_linkInit (nwk_link)
                                                   nwk_nwkInit (nwk)
               CSTACK = 00000000 ( 00000004 )

    -------------------------------------------------------------------------
  LIBRARY MODULE, NAME : ?memzero

  SEGMENTS IN THE MODULE
  ======================
<CODE> 1 (was CODE)
  Relative segment, address: EF04 - EF15 (0x12 bytes), align: 1
  Segment part 4.
           ENTRY                   ADDRESS         REF BY
           =====                   =======         ======
           __data16_memzero        EF04            ?cstart_init_zero (?cstart)
               CSTACK = 00000000 ( 00000004 )
    -------------------------------------------------------------------------
<CODE> 1 (was CODE)
  Relative segment, address: F5F4 - F5F7 (0x4 bytes), align: 1
  Segment part 3.
           ENTRY                   ADDRESS         REF BY
           =====                   =======         ======
           __data16_memcpy         F5F4            ?cstart_init_copy (?cstart)
               calls direct
               CSTACK = 00000000 ( 00000004 )

    -------------------------------------------------------------------------
  LIBRARY MODULE, NAME : ?IndCallR9

  SEGMENTS IN THE MODULE
  ======================
<CODE> 1 (was CODE)
  Relative segment, address: F5E8 - F5EB (0x4 bytes), align: 1
  Segment part 0.
           ENTRY                   ADDRESS         REF BY
           =====                   =======         ======
           ?IndCallR9              F5E8            set_value (user)

    -------------------------------------------------------------------------
  LIBRARY MODULE, NAME : ?IndCallR15

  SEGMENTS IN THE MODULE
  ======================
<CODE> 1 (was CODE)
  Relative segment, address: F608 - F60B (0x4 bytes), align: 1
  Segment part 0.
           ENTRY                   ADDRESS         REF BY
           =====                   =======         ======
           ?IndCallR15             F608            ?Subroutine0 (main)
                                                   dispatchFrame (nwk_frame)
                                                   wakeup_event (main)




                ****************************************
                *                                      *
                *            MODULE SUMMARY            *
                *                                      *
                ****************************************

Module                CODE      DATA      CONST
------                ----      ----      -----
                     (Rel)  (Rel)  (Abs)  (Rel)
?Cast32f32i            146
?CopyMemoryBytes        16
?DivMod32s              64
?DivMod32u              56
?DivMod816s             52
?DivMod816u             28
?FLT_Extract            76
?FLT_LT                 82
?IndCallR15              4
?IndCallR9               4
?Mul32Hw32Loc2          34
?Mul32fHwLoc2          306
?OneBitMask32           34
?ShiftRight32u          94
?__dbg_break             2
?__exit                 22
?_exit                   4
?cstart                 48
?exit                    4
?memcmp                 32
?memcpy                 18
?memmove                52
?memset                 18
?memzero                22
?reset_vector            2
BRRX_API               516      4
BRRX_Packet             38      4
BRRX_Radio             488      4            39
BRRX_Resource                  24             2
BRRX_Scheduler       1 506     10
BRRX_Timer             150      7      4
BR_common              144     10           256
_Add32f                354
_Cast32fto32s           50
_Cast32fto32u           12
_CmpLt32f               10
_Div32f                304
acceleration           454     10            18
adc12                  136      3     13
  + common             114
alarm                  526      4
altitude             1 592     30            42
  + shared                             6
battery                212      6
bluerobin              642     24             4
bsp                    304             4
  + shared                            38
buzzer                 194      8
  + shared                             2
clock                1 030     14             8
date                 1 176      6            21
display                960     94     10    720
  + shared                             4
main                 1 258     15     10     31
main_ED_BM             398      1
menu                    82      4           216
mrfi                 1 880     59      4     80
  + shared                            20
nwk                    944     29            29
nwk_QMgmt              406    140
nwk_api                620      1
nwk_frame              710      9            24
nwk_freq                 6
nwk_globals            112      9             9
nwk_ioctl              360
nwk_join               340      9
nwk_link               912      8
nwk_mgmt                68      1
nwk_ping               122      1
nwk_security             6
pmm                    144
ports                  670     10             1
  + shared              98             2
  + common
radio                  154             2
  + common             108
rf1a                   428
rfbsl                  128      1            18
rfsimpliciti         1 152     69            28
stopwatch              748     14      2      9
  + shared                             4
temperature            662      6
test                   606             2     11
timer                  912      7     16     12
  + common             112
user                   500
vti_as                 444      1      8
  + shared                             4
vti_ps               1 792     69      2     68
N/A (command line)             80
N/A (alignment)
----------          ------    ---    ---  -----
Total:              28 582    805    157  1 646
  + common             114


                ****************************************
                *                                      *
                *      SEGMENTS IN ADDRESS ORDER       *
                *                                      *
                ****************************************


SEGMENT              SPACE    START ADDRESS   END ADDRESS     SIZE  TYPE  ALIGN
=======              =====    =============   ===========     ====  ====  =====
DATA16_AN                              0102 - 0103               2   rel    0
                                       0120 - 0121               2 
                                       0124 - 0127               4 
                                       012C - 012D               2 
                                       015C - 015D               2 
                                       0160 - 0169               A 
                                       016C - 016F               4 
                                       01B0 - 01B1               2 
                                       01C0 - 01C3               4 
                                       01C8 - 01C9               2 
                                       01D0 - 01D1               2 
                                       0200 - 0207               8 
                                       020A - 020B               2 
                                       0218 - 021D               6 
                                       0222 - 0225               4 
                                       0244 - 0245               2 
                                       024A - 024B               2 
                                       0320 - 0325               6 
                                       0340 - 034B               C 
                                       0350 - 035B               C 
                                       036E - 036F               2 
                                       0380 - 0383               4 
                                       0390 - 0393               4 
                                       05C0 - 05C1               2 
                                       05C6 - 05C7               2 
                                       05CC - 05CC               1 
                                       05CE - 05CE               1 
                                       05DC - 05DD               2 
                                       0700 - 0703               4 
                                       070C - 0710               5 
                                       0720 - 0721               2 
                                       0A00 - 0A01               2 
                                       0A04 - 0A0D               A 
                                       0F02 - 0F03               2 
                                       0F06 - 0F07               2 
                                       0F0C - 0F13               8 
                                       0F20 - 0F23               4 
                                       0F30 - 0F39               A 
DATA16_I                               1C00 - 1C76              77   rel    1
DATA16_Z                               1C78 - 1ED5             25E   rel    1
CSTACK                                 2BAE - 2BFD              50   rel    1
DATA16_C                               8000 - 85F6             5F7   rel    1
DATA16_ID                              85F8 - 866E              77   rel    1
CSTART                                 8670 - 869F              30   rel    1
ISR_CODE                               86A0 - 8BCD             52E   rel    1
<CODE> 1                               8BCE - F613            6A46   rel    1
INTVEC                                 FF80 - FFF1              72   com    1
RESET                                  FFFE - FFFF               2   rel    1

                ****************************************
                *                                      *
                *        END OF CROSS REFERENCE        *
                *                                      *
                ****************************************

 28 696 bytes of CODE  memory
    805 bytes of DATA  memory (+ 157 absolute )
  1 646 bytes of CONST memory

Errors: none
Warnings: none

